Component: ARM Compiler 5.05 update 1 (build 106) Tool: armlink [4d0efa]

==============================================================================

Section Cross References

    main.o(i.AppTask1) refers to bsp_os.o(i.BSP_OS_TimeDly) for BSP_OS_TimeDly
    main.o(i.AppTask1) refers to bsp.o(i.ParsePM25Command_CUBIC) for ParsePM25Command_CUBIC
    main.o(i.AppTask1) refers to os_time.o(i.OSTimeDlyHMSM) for OSTimeDlyHMSM
    main.o(i.AppTask1) refers to bsp.o(.bss) for mySensorDatas
    main.o(i.AppTask1) refers to bsp.o(.data) for DEVICE_ID
    main.o(i.AppTaskLED) refers to bsp_os.o(i.BSP_OS_TimeDly) for BSP_OS_TimeDly
    main.o(i.AppTaskLED) refers to bsp.o(i.ParsePM25Command_CUBIC) for ParsePM25Command_CUBIC
    main.o(i.AppTaskLED) refers to os_time.o(i.OSTimeDlyHMSM) for OSTimeDlyHMSM
    main.o(i.AppTaskLED) refers to bsp.o(.bss) for mySensorDatas
    main.o(i.AppTaskLED) refers to bsp.o(.data) for times
    main.o(i.AppTaskParse) refers to dwin.o(i.LCD_mode_select) for LCD_mode_select
    main.o(i.AppTaskParse) refers to os_time.o(i.OSTimeDlyHMSM) for OSTimeDlyHMSM
    main.o(i.AppTaskStart) refers to bsp.o(i.BSP_Init) for BSP_Init
    main.o(i.AppTaskStart) refers to cpu_core.o(i.CPU_Init) for CPU_Init
    main.o(i.AppTaskStart) refers to os_stat.o(i.OSStatTaskCPUUsageInit) for OSStatTaskCPUUsageInit
    main.o(i.AppTaskStart) refers to cpu_core.o(i.CPU_IntDisMeasMaxCurReset) for CPU_IntDisMeasMaxCurReset
    main.o(i.AppTaskStart) refers to os_task.o(i.OSTaskCreate) for OSTaskCreate
    main.o(i.AppTaskStart) refers to printf8.o(i.__0printf$8) for __2printf
    main.o(i.AppTaskStart) refers to bsp.o(i.IWDG_Config) for IWDG_Config
    main.o(i.AppTaskStart) refers to stm32f10x_tim.o(i.TIM_SetCompare2) for TIM_SetCompare2
    main.o(i.AppTaskStart) refers to dwin.o(i.LCD_mode) for LCD_mode
    main.o(i.AppTaskStart) refers to mb.o(i.eMBPoll) for eMBPoll
    main.o(i.AppTaskStart) refers to bsp.o(i.IWDG_Feed) for IWDG_Feed
    main.o(i.AppTaskStart) refers to os_time.o(i.OSTimeDlyHMSM) for OSTimeDlyHMSM
    main.o(i.AppTaskStart) refers to main.o(.bss) for .bss
    main.o(i.AppTaskStart) refers to main.o(i.AppTaskParse) for AppTaskParse
    main.o(i.AppTaskStart) refers to main.o(i.AppTaskLED) for AppTaskLED
    main.o(i.AppTaskStart) refers to main.o(i.AppTask1) for AppTask1
    main.o(i.AppTaskStart) refers to bsp.o(.bss) for mySensorDatas
    main.o(i.main) refers to lib_mem.o(i.Mem_Init) for Mem_Init
    main.o(i.main) refers to cpu_core.o(i.CPU_NameSet) for CPU_NameSet
    main.o(i.main) refers to bsp_int.o(i.BSP_IntDisAll) for BSP_IntDisAll
    main.o(i.main) refers to os_core.o(i.OSInit) for OSInit
    main.o(i.main) refers to os_app_hooks.o(i.App_OS_SetAllHooks) for App_OS_SetAllHooks
    main.o(i.main) refers to os_task.o(i.OSTaskCreate) for OSTaskCreate
    main.o(i.main) refers to os_core.o(i.OSStart) for OSStart
    main.o(i.main) refers to main.o(.bss) for .bss
    main.o(i.main) refers to main.o(i.AppTaskStart) for AppTaskStart
    opt.o(i.CutString) refers to strlen.o(.text) for strlen
    opt.o(i.CutString) refers to opt.o(i.trim) for trim
    opt.o(i.CutString) refers to strcpy.o(.text) for strcpy
    opt.o(i.CutString) refers to strtok.o(.text) for strtok
    opt.o(i.GetString) refers to opt.o(i.StringFind) for StringFind
    opt.o(i.GetString) refers to strlen.o(.text) for strlen
    opt.o(i.GetString) refers to opt.o(i.mid) for mid
    opt.o(i.htoi) refers to tolower.o(.text) for tolower
    opt.o(i.left) refers to strlen.o(.text) for strlen
    opt.o(i.mid) refers to strlen.o(.text) for strlen
    opt.o(i.right) refers to strlen.o(.text) for strlen
    opt.o(i.trim) refers to strlen.o(.text) for strlen
    opt.o(i.trim) refers to ctype_o.o(.text) for __rt_ctype_table
    opt.o(i.trim) refers to memmovea.o(.text) for __aeabi_memmove
    bsp.o(i.BSP_Init) refers to bsp_int.o(i.BSP_Tick_Init) for BSP_Tick_Init
    bsp.o(i.BSP_Init) refers to bsp_int.o(i.BSP_IntInit) for BSP_IntInit
    bsp.o(i.BSP_Init) refers to bsp_gpio.o(i.BSP_GPIO_Init) for BSP_GPIO_Init
    bsp.o(i.BSP_Init) refers to bsp_debug_usart.o(i.BSP_InitUart_Debug) for BSP_InitUart_Debug
    bsp.o(i.BSP_Init) refers to bsp_config_usart.o(i.BSP_InitUart_Config) for BSP_InitUart_Config
    bsp.o(i.BSP_Init) refers to bsp.o(i.Ping_TIM1Init) for Ping_TIM1Init
    bsp.o(i.BSP_Init) refers to pwm.o(i.GENERAL_TIMx_PWM_Init) for GENERAL_TIMx_PWM_Init
    bsp.o(i.BSP_Init) refers to mb.o(i.eMBInit) for eMBInit
    bsp.o(i.BSP_Init) refers to mbfuncother.o(i.eMBSetSlaveID) for eMBSetSlaveID
    bsp.o(i.BSP_Init) refers to mb.o(i.eMBEnable) for eMBEnable
    bsp.o(i.BSP_Init) refers to printf8.o(i.__0printf$8) for __2printf
    bsp.o(i.BSP_Init) refers to bsp.o(i.InitGlobalVariables) for InitGlobalVariables
    bsp.o(i.BSP_Init) refers to os_var.o(.data) for OSRunning
    bsp.o(i.BSP_Init) refers to bsp.o(.data) for .data
    bsp.o(i.BSP_Init) refers to bsp.o(.constdata) for .constdata
[...]
    BSP_Init                                 0x08000781   Thumb Code   202  bsp.o(i.BSP_Init)
    BSP_InitUart_Config                      0x080008a9   Thumb Code    44  bsp_config_usart.o(i.BSP_InitUart_Config)
    BSP_InitUart_Debug                       0x080008d5   Thumb Code     4  bsp_debug_usart.o(i.BSP_InitUart_Debug)
    BSP_IntDisAll                            0x080008d9   Thumb Code     4  bsp_int.o(i.BSP_IntDisAll)
    BSP_IntInit                              0x080008e1   Thumb Code    20  bsp_int.o(i.BSP_IntInit)
    BSP_IntVectSet                           0x080008f9   Thumb Code    42  bsp_int.o(i.BSP_IntVectSet)
    BSP_OS_TimeDly                           0x08000929   Thumb Code    12  bsp_os.o(i.BSP_OS_TimeDly)
    BSP_Tick_Init                            0x08000935   Thumb Code    52  bsp_int.o(i.BSP_Tick_Init)
    CLR_Buf1                                 0x08000971   Thumb Code    18  bsp_debug_usart.o(i.CLR_Buf1)
    CLR_Buf6                                 0x0800098d   Thumb Code    22  bsp_config_usart.o(i.CLR_Buf6)
    CPU_Init                                 0x080009ad   Thumb Code    24  cpu_core.o(i.CPU_Init)
    CPU_IntDisMeasMaxCurGet                  0x08000a29   Thumb Code    24  cpu_core.o(i.CPU_IntDisMeasMaxCurGet)
    CPU_IntDisMeasMaxCurReset                0x08000a45   Thumb Code    26  cpu_core.o(i.CPU_IntDisMeasMaxCurReset)
    CPU_IntDisMeasMaxGet                     0x08000a65   Thumb Code    24  cpu_core.o(i.CPU_IntDisMeasMaxGet)
    CPU_IntDisMeasStart                      0x08000a81   Thumb Code    28  cpu_core.o(i.CPU_IntDisMeasStart)
    CPU_IntDisMeasStop                       0x08000aa1   Thumb Code    44  cpu_core.o(i.CPU_IntDisMeasStop)
    CPU_NameClr                              0x08000ad1   Thumb Code    34  cpu_core.o(i.CPU_NameClr)
    CPU_NameSet                              0x08000af9   Thumb Code    70  cpu_core.o(i.CPU_NameSet)
    CPU_SW_Exception                         0x08000b45   Thumb Code     2  cpu_core.o(i.CPU_SW_Exception)
    CPU_TS_TmrFreqSet                        0x08000b49   Thumb Code     6  cpu_core.o(i.CPU_TS_TmrFreqSet)
    CPU_TS_TmrInit                           0x08000b55   Thumb Code    38  cpu_bsp.o(i.CPU_TS_TmrInit)
    CPU_TS_TmrRd                             0x08000b85   Thumb Code     6  cpu_bsp.o(i.CPU_TS_TmrRd)
    FLASH_ClearFlag                          0x08000b91   Thumb Code     6  stm32f10x_flash.o(i.FLASH_ClearFlag)
    FLASH_ErasePage                          0x08000b9d   Thumb Code    56  stm32f10x_flash.o(i.FLASH_ErasePage)
    FLASH_GetBank1Status                     0x08000bd9   Thumb Code    34  stm32f10x_flash.o(i.FLASH_GetBank1Status)
    FLASH_Lock                               0x08000c01   Thumb Code    12  stm32f10x_flash.o(i.FLASH_Lock)
    FLASH_ProgramHalfWord                    0x08000c11   Thumb Code    48  stm32f10x_flash.o(i.FLASH_ProgramHalfWord)
    FLASH_Unlock                             0x08000c45   Thumb Code    12  stm32f10x_flash.o(i.FLASH_Unlock)
    FLASH_WaitForLastOperation               0x08000c5d   Thumb Code    36  stm32f10x_flash.o(i.FLASH_WaitForLastOperation)
    Find_usart1                              0x08000c81   Thumb Code    18  bsp_debug_usart.o(i.Find_usart1)
    Find_usart6                              0x08000c99   Thumb Code    18  bsp_config_usart.o(i.Find_usart6)
    GENERAL_TIMx_PWM_Init                    0x08000cb1   Thumb Code   150  pwm.o(i.GENERAL_TIMx_PWM_Init)
    GPIO_Init                                0x08000d59   Thumb Code   162  stm32f10x_gpio.o(i.GPIO_Init)
    GPIO_PinRemapConfig                      0x08000dfd   Thumb Code    82  stm32f10x_gpio.o(i.GPIO_PinRemapConfig)
    GUI_showData                             0x08000e55   Thumb Code    84  dwin.o(i.GUI_showData)
    Get_Sampling_Speed_regulation_data       0x08000ead   Thumb Code   188  dwin.o(i.Get_Sampling_Speed_regulation_data)
    Get_Sampling_Zero_Calibration            0x08000ffd   Thumb Code   220  dwin.o(i.Get_Sampling_Zero_Calibration)
    Get_Sampling_period                      0x08001189   Thumb Code   110  dwin.o(i.Get_Sampling_period)
    Get_Sampling_period_data                 0x08001209   Thumb Code   186  dwin.o(i.Get_Sampling_period_data)
    Get_Speed_period                         0x08001361   Thumb Code   110  dwin.o(i.Get_Speed_period)
    Get_Zero_Calibration                     0x080013e1   Thumb Code   110  dwin.o(i.Get_Zero_Calibration)
    Get_cof0_PM2_5_0_50                      0x08001461   Thumb Code   110  dwin.o(i.Get_cof0_PM2_5_0_50)
    Get_cof0_PM2_5_1000_1500                 0x080014e1   Thumb Code   112  dwin.o(i.Get_cof0_PM2_5_1000_1500)
    Get_cof0_PM2_5_100_500                   0x08001561   Thumb Code   112  dwin.o(i.Get_cof0_PM2_5_100_500)
    Get_cof0_PM2_5_13000_20000               0x080015e1   Thumb Code   112  dwin.o(i.Get_cof0_PM2_5_13000_20000)
    Get_cof0_PM2_5_1500_3000                 0x08001661   Thumb Code   112  dwin.o(i.Get_cof0_PM2_5_1500_3000)
    Get_cof0_PM2_5_20000_30000               0x080016e1   Thumb Code   112  dwin.o(i.Get_cof0_PM2_5_20000_30000)
    Get_cof0_PM2_5_3000_8000                 0x08001761   Thumb Code   112  dwin.o(i.Get_cof0_PM2_5_3000_8000)
    Get_cof0_PM2_5_500_1000                  0x080017e1   Thumb Code   112  dwin.o(i.Get_cof0_PM2_5_500_1000)
    Get_cof0_PM2_5_50_100                    0x08001861   Thumb Code   112  dwin.o(i.Get_cof0_PM2_5_50_100)
    Get_cof0_PM2_5_8000_13000                0x080018e1   Thumb Code   112  dwin.o(i.Get_cof0_PM2_5_8000_13000)
    Get_cof0_pm2_5_data                      0x08001961   Thumb Code   312  dwin.o(i.Get_cof0_pm2_5_data)
    Get_cof1_PM10_0_50                       0x08001c29   Thumb Code   110  dwin.o(i.Get_cof1_PM10_0_50)
    Get_cof1_PM10_1000_1500                  0x08001ca9   Thumb Code   112  dwin.o(i.Get_cof1_PM10_1000_1500)
    Get_cof1_PM10_100_500                    0x08001d29   Thumb Code   112  dwin.o(i.Get_cof1_PM10_100_500)
    Get_cof1_PM10_13000_20000                0x08001da9   Thumb Code   112  dwin.o(i.Get_cof1_PM10_13000_20000)
    Get_cof1_PM10_1500_3000                  0x08001e29   Thumb Code   112  dwin.o(i.Get_cof1_PM10_1500_3000)
    Get_cof1_PM10_20000_30000                0x08001ea9   Thumb Code   112  dwin.o(i.Get_cof1_PM10_20000_30000)
    Get_cof1_PM10_3000_8000                  0x08001f29   Thumb Code   112  dwin.o(i.Get_cof1_PM10_3000_8000)
    Get_cof1_PM10_500_1000                   0x08001fa9   Thumb Code   112  dwin.o(i.Get_cof1_PM10_500_1000)
    Get_cof1_PM10_50_100                     0x08002029   Thumb Code   112  dwin.o(i.Get_cof1_PM10_50_100)
    Get_cof1_PM10_8000_13000                 0x080020a9   Thumb Code   112  dwin.o(i.Get_cof1_PM10_8000_13000)
    Get_cof1_pm10_data                       0x08002129   Thumb Code   312  dwin.o(i.Get_cof1_pm10_data)
    Get_cof2_tsp_0_50                        0x080023f1   Thumb Code   110  dwin.o(i.Get_cof2_tsp_0_50)
    Get_cof2_tsp_1000_1500                   0x08002471   Thumb Code   112  dwin.o(i.Get_cof2_tsp_1000_1500)
    Get_cof2_tsp_100_500                     0x080024f1   Thumb Code   112  dwin.o(i.Get_cof2_tsp_100_500)
    Get_cof2_tsp_13000_20000                 0x08002571   Thumb Code   112  dwin.o(i.Get_cof2_tsp_13000_20000)
    Get_cof2_tsp_1500_3000                   0x080025f1   Thumb Code   112  dwin.o(i.Get_cof2_tsp_1500_3000)
    Get_cof2_tsp_20000_30000                 0x08002671   Thumb Code   112  dwin.o(i.Get_cof2_tsp_20000_30000)
    Get_cof2_tsp_3000_8000                   0x080026f1   Thumb Code   112  dwin.o(i.Get_cof2_tsp_3000_8000)
    Get_cof2_tsp_500_1000                    0x08002771   Thumb Code   112  dwin.o(i.Get_cof2_tsp_500_1000)
    Get_cof2_tsp_50_100                      0x080027f1   Thumb Code   112  dwin.o(i.Get_cof2_tsp_50_100)
    Get_cof2_tsp_8000_13000                  0x08002871   Thumb Code   112  dwin.o(i.Get_cof2_tsp_8000_13000)
    Get_cof2_tsp_data                        0x080028f1   Thumb Code   312  dwin.o(i.Get_cof2_tsp_data)
    HardFault_Handler                        0x08002bb9   Thumb Code     8  stm32f10x_it.o(i.HardFault_Handler)
    IWDG_Config                              0x08002bd9   Thumb Code    38  bsp.o(i.IWDG_Config)
    IWDG_Enable                              0x08002c01   Thumb Code    10  stm32f10x_iwdg.o(i.IWDG_Enable)
    IWDG_Feed                                0x08002c11   Thumb Code     4  bsp.o(i.IWDG_Feed)
    IWDG_ReloadCounter                       0x08002c15   Thumb Code    10  stm32f10x_iwdg.o(i.IWDG_ReloadCounter)
    IWDG_SetPrescaler                        0x08002c25   Thumb Code     6  stm32f10x_iwdg.o(i.IWDG_SetPrescaler)
    IWDG_SetReload                           0x08002c31   Thumb Code     6  stm32f10x_iwdg.o(i.IWDG_SetReload)
    IWDG_WriteAccessCmd                      0x08002c3d   Thumb Code     6  stm32f10x_iwdg.o(i.IWDG_WriteAccessCmd)
    LCD_mode                                 0x08002fc9   Thumb Code    74  dwin.o(i.LCD_mode)
    LCD_mode_select                          0x08003035   Thumb Code    54  dwin.o(i.LCD_mode_select)
    Mem_Clr                                  0x08003071   Thumb Code     8  lib_mem.o(i.Mem_Clr)
    Mem_Init                                 0x08003079   Thumb Code    48  lib_mem.o(i.Mem_Init)
    Mem_SegCreate                            0x080030b9   Thumb Code    62  lib_mem.o(i.Mem_SegCreate)
    Mem_Set                                  0x08003115   Thumb Code    68  lib_mem.o(i.Mem_Set)
    NOVA_USART1_IRQHandler                   0x08003159   Thumb Code    48  bsp_debug_usart.o(i.NOVA_USART1_IRQHandler)
    NVIC_Init                                0x08003195   Thumb Code    94  misc.o(i.NVIC_Init)
    NVIC_PriorityGroupConfig                 0x080031f9   Thumb Code    10  misc.o(i.NVIC_PriorityGroupConfig)
    OSCfg_Init                               0x0800320d   Thumb Code     2  os_cfg_app.o(i.OSCfg_Init)
    OSIdleTaskHook                           0x08003211   Thumb Code    12  os_cpu_c.o(i.OSIdleTaskHook)
    OSInit                                   0x08003221   Thumb Code   248  os_core.o(i.OSInit)
    OSInitHook                               0x08003361   Thumb Code    22  os_cpu_c.o(i.OSInitHook)
    OSIntEnter                               0x08003385   Thumb Code    22  os_core.o(i.OSIntEnter)
    OSIntExit                                0x080033a5   Thumb Code   100  os_core.o(i.OSIntExit)
    OSMutexCreate                            0x08003429   Thumb Code    76  os_mutex.o(i.OSMutexCreate)
    OSMutexPend                              0x0800347d   Thumb Code   338  os_mutex.o(i.OSMutexPend)
    OSMutexPost                              0x080035dd   Thumb Code   292  os_mutex.o(i.OSMutexPost)
    OSSched                                  0x0800370d   Thumb Code    96  os_core.o(i.OSSched)
    OSSchedLock                              0x08003789   Thumb Code    64  os_core.o(i.OSSchedLock)
    OSSchedUnlock                            0x080037d1   Thumb Code    88  os_core.o(i.OSSchedUnlock)
    OSStart                                  0x08003831   Thumb Code    62  os_core.o(i.OSStart)
    OSStatReset                              0x08003889   Thumb Code   178  os_stat.o(i.OSStatReset)
    OSStatTaskCPUUsageInit                   0x0800395d   Thumb Code   150  os_stat.o(i.OSStatTaskCPUUsageInit)
    OSStatTaskHook                           0x08003a11   Thumb Code    12  os_cpu_c.o(i.OSStatTaskHook)
    OSTaskCreate                             0x08003a21   Thumb Code   264  os_task.o(i.OSTaskCreate)
    OSTaskCreateHook                         0x08003b35   Thumb Code    12  os_cpu_c.o(i.OSTaskCreateHook)
    OSTaskResume                             0x08003b45   Thumb Code    38  os_task.o(i.OSTaskResume)
    OSTaskReturnHook                         0x08003b6d   Thumb Code    12  os_cpu_c.o(i.OSTaskReturnHook)
    OSTaskSemPend                            0x08003b7d   Thumb Code   276  os_task.o(i.OSTaskSemPend)
    OSTaskSemPost                            0x08003c99   Thumb Code    28  os_task.o(i.OSTaskSemPost)
    OSTaskStkChk                             0x08003cb5   Thumb Code   136  os_task.o(i.OSTaskStkChk)
    OSTaskStkInit                            0x08003d41   Thumb Code   112  os_cpu_c.o(i.OSTaskStkInit)
    OSTaskSuspend                            0x08003db5   Thumb Code    18  os_task.o(i.OSTaskSuspend)
    OSTaskSwHook                             0x08003dcd   Thumb Code    66  os_cpu_c.o(i.OSTaskSwHook)
    OSTimeDly                                0x08003e1d   Thumb Code   122  os_time.o(i.OSTimeDly)
    OSTimeDlyHMSM                            0x08003ea1   Thumb Code   182  os_time.o(i.OSTimeDlyHMSM)
    OSTimeTick                               0x08003f65   Thumb Code    44  os_time.o(i.OSTimeTick)
    OSTimeTickHook                           0x08003fa1   Thumb Code    12  os_cpu_c.o(i.OSTimeTickHook)
    OS_Dbg_Init                              0x08003fb1   Thumb Code     2  os_dbg.o(i.OS_Dbg_Init)
    OS_FlagInit                              0x08003fb5   Thumb Code    14  os_flag.o(i.OS_FlagInit)
    OS_IdleTask                              0x08003fcd   Thumb Code    42  os_core.o(i.OS_IdleTask)
    OS_IdleTaskInit                          0x08004001   Thumb Code    60  os_core.o(i.OS_IdleTaskInit)
    OS_MemInit                               0x08004069   Thumb Code    14  os_mem.o(i.OS_MemInit)
    OS_MsgPoolInit                           0x08004081   Thumb Code    72  os_msg.o(i.OS_MsgPoolInit)
    OS_MsgQInit                              0x080040d5   Thumb Code    14  os_msg.o(i.OS_MsgQInit)
    OS_MutexDbgListAdd                       0x080040e5   Thumb Code    26  os_mutex.o(i.OS_MutexDbgListAdd)
    OS_MutexGrpPrioFindHighest               0x08004109   Thumb Code    34  os_mutex.o(i.OS_MutexGrpPrioFindHighest)
    OS_MutexGrpRemove                        0x0800412b   Thumb Code    20  os_mutex.o(i.OS_MutexGrpRemove)
    OS_MutexInit                             0x08004141   Thumb Code    14  os_mutex.o(i.OS_MutexInit)
    OS_Pend                                  0x08004159   Thumb Code    76  os_core.o(i.OS_Pend)
    OS_PendDataInit                          0x080041a9   Thumb Code    50  os_core.o(i.OS_PendDataInit)
    OS_PendDbgNameAdd                        0x080041dd   Thumb Code    46  os_core.o(i.OS_PendDbgNameAdd)
    OS_PendDbgNameRemove                     0x08004225   Thumb Code    22  os_core.o(i.OS_PendDbgNameRemove)
    OS_PendListChangePrio                    0x08004241   Thumb Code    48  os_core.o(i.OS_PendListChangePrio)
    OS_PendListInit                          0x08004271   Thumb Code    10  os_core.o(i.OS_PendListInit)
    OS_PendListInsertPrio                    0x0800427b   Thumb Code    90  os_core.o(i.OS_PendListInsertPrio)
    OS_PendListRemove                        0x080042d5   Thumb Code    42  os_core.o(i.OS_PendListRemove)
    OS_PendListRemove1                       0x080042ff   Thumb Code    54  os_core.o(i.OS_PendListRemove1)
    OS_Post                                  0x08004335   Thumb Code   178  os_core.o(i.OS_Post)
    OS_Post1                                 0x080043e7   Thumb Code    40  os_core.o(i.OS_Post1)
    OS_PrioGetHighest                        0x08004411   Thumb Code    32  os_prio.o(i.OS_PrioGetHighest)
    OS_PrioInit                              0x08004435   Thumb Code     8  os_prio.o(i.OS_PrioInit)
    OS_PrioInsert                            0x08004441   Thumb Code    28  os_prio.o(i.OS_PrioInsert)
    OS_PrioRemove                            0x08004461   Thumb Code    28  os_prio.o(i.OS_PrioRemove)
    OS_QInit                                 0x08004481   Thumb Code    14  os_q.o(i.OS_QInit)
    OS_RdyListInit                           0x08004499   Thumb Code    32  os_core.o(i.OS_RdyListInit)
    OS_RdyListInsert                         0x080044bd   Thumb Code    42  os_core.o(i.OS_RdyListInsert)
    OS_RdyListInsertHead                     0x080044ed   Thumb Code    52  os_core.o(i.OS_RdyListInsertHead)
    OS_RdyListInsertTail                     0x08004525   Thumb Code    48  os_core.o(i.OS_RdyListInsertTail)
    OS_RdyListRemove                         0x08004559   Thumb Code    78  os_core.o(i.OS_RdyListRemove)
    OS_SemInit                               0x080045ad   Thumb Code    14  os_sem.o(i.OS_SemInit)
    OS_StatTask                              0x080045c5   Thumb Code   514  os_stat.o(i.OS_StatTask)
    OS_StatTaskInit                          0x08004809   Thumb Code   118  os_stat.o(i.OS_StatTaskInit)
    OS_TaskBlock                             0x080048c5   Thumb Code    36  os_core.o(i.OS_TaskBlock)
    OS_TaskChangePrio                        0x080048ed   Thumb Code   178  os_task.o(i.OS_TaskChangePrio)
    OS_TaskDbgListAdd                        0x080049a5   Thumb Code    30  os_task.o(i.OS_TaskDbgListAdd)
    OS_TaskInit                              0x080049c9   Thumb Code    18  os_task.o(i.OS_TaskInit)
    OS_TaskInitTCB                           0x080049e9   Thumb Code   182  os_task.o(i.OS_TaskInitTCB)
    OS_TaskResume                            0x08004aad   Thumb Code   184  os_task.o(i.OS_TaskResume)
    OS_TaskReturn                            0x08004b65   Thumb Code    24  os_task.o(i.OS_TaskReturn)
    OS_TaskSemPost                           0x08004b85   Thumb Code   166  os_task.o(i.OS_TaskSemPost)
    OS_TaskSuspend                           0x08004c31   Thumb Code   160  os_task.o(i.OS_TaskSuspend)
    OS_TickListInsert                        0x08004cd9   Thumb Code    94  os_tick.o(i.OS_TickListInsert)
    OS_TickListInsertDly                     0x08004d39   Thumb Code   110  os_tick.o(i.OS_TickListInsertDly)
    OS_TickListRemove                        0x08004db5   Thumb Code    64  os_tick.o(i.OS_TickListRemove)
    OS_TickTask                              0x08004f65   Thumb Code    74  os_tick.o(i.OS_TickTask)
    OS_TickTaskInit                          0x08004fb9   Thumb Code   118  os_tick.o(i.OS_TickTaskInit)
    OS_TmrInit                               0x0800506d   Thumb Code   170  os_tmr.o(i.OS_TmrInit)
    OS_TmrTask                               0x0800519d   Thumb Code   138  os_tmr.o(i.OS_TmrTask)
    OS_TmrUnlink                             0x08005235   Thumb Code    50  os_tmr.o(i.OS_TmrUnlink)
    Open_Measurement                         0x08005285   Thumb Code    60  bsp_debug_usart.o(i.Open_Measurement)
    ParsePM25Command_CUBIC                   0x080052d1   Thumb Code   156  bsp.o(i.ParsePM25Command_CUBIC)
    Ping_TIM1Init                            0x0800537d   Thumb Code   118  bsp.o(i.Ping_TIM1Init)
    RCC_APB1PeriphClockCmd                   0x080053f9   Thumb Code    18  stm32f10x_rcc.o(i.RCC_APB1PeriphClockCmd)
    RCC_APB2PeriphClockCmd                   0x08005411   Thumb Code    18  stm32f10x_rcc.o(i.RCC_APB2PeriphClockCmd)
    RCC_GetClocksFreq                        0x08005429   Thumb Code   128  stm32f10x_rcc.o(i.RCC_GetClocksFreq)
    STMFLASH_Read                            0x080054b9   Thumb Code    26  stmflash.o(i.STMFLASH_Read)
    STMFLASH_Write                           0x080054d5   Thumb Code   190  stmflash.o(i.STMFLASH_Write)
    STMFLASH_Write_NoCheck                   0x08005599   Thumb Code    40  stmflash.o(i.STMFLASH_Write_NoCheck)
    Str_Copy_N                               0x08005669   Thumb Code    50  lib_str.o(i.Str_Copy_N)
    Str_Len_N                                0x0800569b   Thumb Code    22  lib_str.o(i.Str_Len_N)
    SysTick_Handler                          0x080056b1   Thumb Code    42  stm32f10x_it.o(i.SysTick_Handler)
    SystemInit                               0x080056e1   Thumb Code    64  system_stm32f10x.o(i.SystemInit)
    TIM1_UP_IRQHandler                       0x08005731   Thumb Code    90  stm32f10x_it.o(i.TIM1_UP_IRQHandler)
    TIM4_IRQHandler                          0x0800579d   Thumb Code    36  porttimer.o(i.TIM4_IRQHandler)
    TIM_ARRPreloadConfig                     0x080057c9   Thumb Code    20  stm32f10x_tim.o(i.TIM_ARRPreloadConfig)
    TIM_ClearFlag                            0x080057dd   Thumb Code     6  stm32f10x_tim.o(i.TIM_ClearFlag)
    TIM_ClearITPendingBit                    0x080057e3   Thumb Code     6  stm32f10x_tim.o(i.TIM_ClearITPendingBit)
    TIM_Cmd                                  0x080057e9   Thumb Code    20  stm32f10x_tim.o(i.TIM_Cmd)
    TIM_GetITStatus                          0x080057fd   Thumb Code    24  stm32f10x_tim.o(i.TIM_GetITStatus)
    TIM_ITConfig                             0x08005815   Thumb Code    16  stm32f10x_tim.o(i.TIM_ITConfig)
    TIM_OC2Init                              0x08005825   Thumb Code   120  stm32f10x_tim.o(i.TIM_OC2Init)
    TIM_OC2PreloadConfig                     0x080058a5   Thumb Code    20  stm32f10x_tim.o(i.TIM_OC2PreloadConfig)
    TIM_SetCompare2                          0x080058b9   Thumb Code     4  stm32f10x_tim.o(i.TIM_SetCompare2)
    TIM_SetCounter                           0x080058bd   Thumb Code     4  stm32f10x_tim.o(i.TIM_SetCounter)
    TIM_TimeBaseInit                         0x080058c1   Thumb Code   114  stm32f10x_tim.o(i.TIM_TimeBaseInit)
    UART6_WriteBuffer                        0x0800595d   Thumb Code    40  bsp_config_usart.o(i.UART6_WriteBuffer)
    USART1_IRQHandler                        0x08005989   Thumb Code    38  stm32f10x_it.o(i.USART1_IRQHandler)
    USART2_IRQHandler                        0x080059b1   Thumb Code    58  portserial.o(i.USART2_IRQHandler)
    USART3_IRQHandler                        0x080059f9   Thumb Code    48  bsp_config_usart.o(i.USART3_IRQHandler)
    USART_ClearFlag                          0x08005a35   Thumb Code     6  stm32f10x_usart.o(i.USART_ClearFlag)
    USART_ClearITPendingBit                  0x08005a3b   Thumb Code    12  stm32f10x_usart.o(i.USART_ClearITPendingBit)
    USART_Cmd                                0x08005a47   Thumb Code    20  stm32f10x_usart.o(i.USART_Cmd)
    USART_GetFlagStatus                      0x08005ba9   Thumb Code    14  stm32f10x_usart.o(i.USART_GetFlagStatus)
    USART_GetITStatus                        0x08005bb7   Thumb Code    62  stm32f10x_usart.o(i.USART_GetITStatus)
    USART_ITConfig                           0x08005bf5   Thumb Code    48  stm32f10x_usart.o(i.USART_ITConfig)
    USART_Init                               0x08005c25   Thumb Code   166  stm32f10x_usart.o(i.USART_Init)
    USART_ReceiveData                        0x08005cd1   Thumb Code     8  stm32f10x_usart.o(i.USART_ReceiveData)
    USART_SendData                           0x08005cd9   Thumb Code     8  stm32f10x_usart.o(i.USART_SendData)
    Uart1WriteBuffer_Config                  0x08005ce1   Thumb Code    40  bsp_debug_usart.o(i.Uart1WriteBuffer_Config)
    __0printf$8                              0x08005d0d   Thumb Code    22  printf8.o(i.__0printf$8)
    __1printf$8                              0x08005d0d   Thumb Code     0  printf8.o(i.__0printf$8)
    __2printf                                0x08005d0d   Thumb Code     0  printf8.o(i.__0printf$8)
    __scatterload_copy                       0x08005d2d   Thumb Code    14  handlers.o(i.__scatterload_copy)
    __scatterload_null                       0x08005d3b   Thumb Code     2  handlers.o(i.__scatterload_null)
    __scatterload_zeroinit                   0x08005d3d   Thumb Code    14  handlers.o(i.__scatterload_zeroinit)
    data_correction_PM10                     0x080061b1   Thumb Code   150  bsp.o(i.data_correction_PM10)
    data_correction_PM2_5                    0x0800624d   Thumb Code   150  bsp.o(i.data_correction_PM2_5)
    data_correction_TSP                      0x080062e9   Thumb Code   150  bsp.o(i.data_correction_TSP)
    data_display                             0x08006385   Thumb Code    52  dwin.o(i.data_display)
    data_display_PM10                        0x080063c1   Thumb Code    42  dwin.o(i.data_display_PM10)
    data_display_PM25                        0x080063f5   Thumb Code    42  dwin.o(i.data_display_PM25)
    data_display_TSP                         0x08006429   Thumb Code    42  dwin.o(i.data_display_TSP)
    data_display_sampling                    0x0800645d   Thumb Code    30  dwin.o(i.data_display_sampling)
    eMBASCIIInit                             0x08006491   Thumb Code    56  mbascii.o(i.eMBASCIIInit)
    eMBASCIIReceive                          0x080064cd   Thumb Code    70  mbascii.o(i.eMBASCIIReceive)
    eMBASCIISend                             0x08006519   Thumb Code    80  mbascii.o(i.eMBASCIISend)
    eMBASCIIStart                            0x0800656d   Thumb Code    32  mbascii.o(i.eMBASCIIStart)
    eMBASCIIStop                             0x08006591   Thumb Code    28  mbascii.o(i.eMBASCIIStop)
    eMBEnable                                0x080065ad   Thumb Code    28  mb.o(i.eMBEnable)
    eMBFuncReadCoils                         0x080065cd   Thumb Code   110  mbfunccoils.o(i.eMBFuncReadCoils)
    eMBFuncReadDiscreteInputs                0x0800663b   Thumb Code   110  mbfuncdisc.o(i.eMBFuncReadDiscreteInputs)
    eMBFuncReadHoldingRegister               0x080066a9   Thumb Code    90  mbfuncholding.o(i.eMBFuncReadHoldingRegister)
    eMBFuncReadInputRegister                 0x08006703   Thumb Code    94  mbfuncinput.o(i.eMBFuncReadInputRegister)
    eMBFuncReadWriteMultipleHoldingRegister  0x08006761   Thumb Code   156  mbfuncholding.o(i.eMBFuncReadWriteMultipleHoldingRegister)
    eMBFuncReportSlaveID                     0x080067fd   Thumb Code    26  mbfuncother.o(i.eMBFuncReportSlaveID)
    eMBFuncWriteCoil                         0x08006821   Thumb Code    82  mbfunccoils.o(i.eMBFuncWriteCoil)
    eMBFuncWriteHoldingRegister              0x08006873   Thumb Code    46  mbfuncholding.o(i.eMBFuncWriteHoldingRegister)
    eMBFuncWriteMultipleCoils                0x080068a1   Thumb Code    94  mbfunccoils.o(i.eMBFuncWriteMultipleCoils)
    eMBFuncWriteMultipleHoldingRegister      0x080068ff   Thumb Code    74  mbfuncholding.o(i.eMBFuncWriteMultipleHoldingRegister)
    eMBInit                                  0x08006949   Thumb Code   140  mb.o(i.eMBInit)
    eMBPoll                                  0x08006a11   Thumb Code   176  mb.o(i.eMBPoll)
    eMBRTUInit                               0x08006ac5   Thumb Code    66  mbrtu.o(i.eMBRTUInit)
    eMBRTUReceive                            0x08006b0d   Thumb Code    84  mbrtu.o(i.eMBRTUReceive)
    eMBRTUSend                               0x08006b69   Thumb Code   112  mbrtu.o(i.eMBRTUSend)
    eMBRTUStart                              0x08006be1   Thumb Code    32  mbrtu.o(i.eMBRTUStart)
    eMBRTUStop                               0x08006c05   Thumb Code    28  mbrtu.o(i.eMBRTUStop)
    eMBRegCoilsCB                            0x08006c21   Thumb Code     4  bsp.o(i.eMBRegCoilsCB)
    eMBRegDiscreteCB                         0x08006c25   Thumb Code     4  bsp.o(i.eMBRegDiscreteCB)
    eMBRegHoldingCB                          0x08006c29   Thumb Code   634  bsp.o(i.eMBRegHoldingCB)
    eMBRegInputCB                            0x08006ead   Thumb Code     4  bsp.o(i.eMBRegInputCB)
    eMBSetSlaveID                            0x08006eb1   Thumb Code    62  mbfuncother.o(i.eMBSetSlaveID)
    fputc                                    0x08006ef9   Thumb Code    30  bsp_debug_usart.o(i.fputc)
    main                                     0x08006f1d   Thumb Code    82  main.o(i.main)
    prveMBError2Exception                    0x08006f99   Thumb Code    24  mbutils.o(i.prveMBError2Exception)
    raed_cof0_pm2_5                          0x08006fe5   Thumb Code   152  dwin.o(i.raed_cof0_pm2_5)
    raed_cof1_pm10                           0x080070d5   Thumb Code   152  dwin.o(i.raed_cof1_pm10)
    raed_cof2_tsp                            0x080071c5   Thumb Code   152  dwin.o(i.raed_cof2_tsp)
    read_DEVICE_ID                           0x080072b5   Thumb Code    86  dwin.o(i.read_DEVICE_ID)
    read_SPEED                               0x0800736d   Thumb Code    86  dwin.o(i.read_SPEED)
    read_Zero_Calibration                    0x08007419   Thumb Code    86  dwin.o(i.read_Zero_Calibration)
    setting_mode                             0x080074d1   Thumb Code   230  dwin.o(i.setting_mode)
    show_mian                                0x0800762d   Thumb Code    24  dwin.o(i.show_mian)
    usMBCRC16                                0x0800764d   Thumb Code    40  mbcrc.o(i.usMBCRC16)
    vMBPortSerialEnable                      0x08007679   Thumb Code    26  portserial.o(i.vMBPortSerialEnable)
    vMBPortTimersDisable                     0x08007699   Thumb Code    20  porttimer.o(i.vMBPortTimersDisable)
    vMBPortTimersEnable                      0x080076b1   Thumb Code    20  porttimer.o(i.vMBPortTimersEnable)
    write_DEVICE_ID                          0x080076c9   Thumb Code    22  dwin.o(i.write_DEVICE_ID)
    write_SPEED                              0x080076ed   Thumb Code    22  dwin.o(i.write_SPEED)
    write_Zero_Calibration                   0x08007711   Thumb Code    22  dwin.o(i.write_Zero_Calibration)
    write_flash_cof0_pm2_5                   0x08007735   Thumb Code    52  dwin.o(i.write_flash_cof0_pm2_5)
    write_flash_cof1_pm10                    0x08007775   Thumb Code    52  dwin.o(i.write_flash_cof1_pm10)
    write_flash_cof2_tsp                     0x080077b5   Thumb Code    52  dwin.o(i.write_flash_cof2_tsp)
    xMBASCIIReceiveFSM                       0x080077f5   Thumb Code   214  mbascii.o(i.xMBASCIIReceiveFSM)
    xMBASCIITimerT1SExpired                  0x080078d1   Thumb Code    26  mbascii.o(i.xMBASCIITimerT1SExpired)
    xMBASCIITransmitFSM                      0x080078f1   Thumb Code   160  mbascii.o(i.xMBASCIITransmitFSM)
    xMBPortEventGet                          0x08007995   Thumb Code    24  portevent.o(i.xMBPortEventGet)
    xMBPortEventInit                         0x080079b1   Thumb Code    10  portevent.o(i.xMBPortEventInit)
    xMBPortEventPost                         0x080079c1   Thumb Code    12  portevent.o(i.xMBPortEventPost)
    xMBPortSerialGetByte                     0x080079d1   Thumb Code    10  portserial.o(i.xMBPortSerialGetByte)
    xMBPortSerialInit                        0x080079e1   Thumb Code   192  portserial.o(i.xMBPortSerialInit)
    xMBPortSerialPutByte                     0x08007aa9   Thumb Code    28  portserial.o(i.xMBPortSerialPutByte)
    xMBPortTimersInit                        0x08007ac9   Thumb Code   130  porttimer.o(i.xMBPortTimersInit)
    xMBRTUReceiveFSM                         0x08007b55   Thumb Code    88  mbrtu.o(i.xMBRTUReceiveFSM)
    xMBRTUTimerT35Expired                    0x08007bb5   Thumb Code    34  mbrtu.o(i.xMBRTUTimerT35Expired)
    xMBRTUTransmitFSM                        0x08007bdd   Thumb Code    76  mbrtu.o(i.xMBRTUTransmitFSM)
    ucSlaveID                                0x08007c2c   Data           3  bsp.o(.constdata)
    OSCfg_IdleTaskStkBasePtr                 0x08007e44   Data           4  os_cfg_app.o(.constdata)
    OSCfg_IdleTaskStkLimit                   0x08007e48   Data           4  os_cfg_app.o(.constdata)
    OSCfg_IdleTaskStkSize                    0x08007e4c   Data           4  os_cfg_app.o(.constdata)
    OSCfg_ISRStkBasePtr                      0x08007e50   Data           4  os_cfg_app.o(.constdata)
    OSCfg_ISRStkSize                         0x08007e54   Data           4  os_cfg_app.o(.constdata)
    OSCfg_MsgPoolSize                        0x08007e58   Data           2  os_cfg_app.o(.constdata)
    OSCfg_MsgPoolBasePtr                     0x08007e5c   Data           4  os_cfg_app.o(.constdata)
    OSCfg_StatTaskPrio                       0x08007e60   Data           1  os_cfg_app.o(.constdata)
    OSCfg_StatTaskRate_Hz                    0x08007e64   Data           4  os_cfg_app.o(.constdata)
    OSCfg_StatTaskStkBasePtr                 0x08007e68   Data           4  os_cfg_app.o(.constdata)
    OSCfg_StatTaskStkLimit                   0x08007e6c   Data           4  os_cfg_app.o(.constdata)
    OSCfg_StatTaskStkSize                    0x08007e70   Data           4  os_cfg_app.o(.constdata)
    OSCfg_StkSizeMin                         0x08007e74   Data           4  os_cfg_app.o(.constdata)
    OSCfg_TickRate_Hz                        0x08007e78   Data           4  os_cfg_app.o(.constdata)
    OSCfg_TickTaskPrio                       0x08007e7c   Data           1  os_cfg_app.o(.constdata)
    OSCfg_TickTaskStkBasePtr                 0x08007e80   Data           4  os_cfg_app.o(.constdata)
    OSCfg_TickTaskStkLimit                   0x08007e84   Data           4  os_cfg_app.o(.constdata)
    OSCfg_TickTaskStkSize                    0x08007e88   Data           4  os_cfg_app.o(.constdata)
    OSCfg_TmrTaskPrio                        0x08007e8c   Data           1  os_cfg_app.o(.constdata)
    OSCfg_TmrTaskRate_Hz                     0x08007e90   Data           4  os_cfg_app.o(.constdata)
    OSCfg_TmrTaskStkBasePtr                  0x08007e94   Data           4  os_cfg_app.o(.constdata)
    OSCfg_TmrTaskStkLimit                    0x08007e98   Data           4  os_cfg_app.o(.constdata)
    OSCfg_TmrTaskStkSize                     0x08007e9c   Data           4  os_cfg_app.o(.constdata)
    Region$$Table$$Base                      0x08007ea0   Number         0  anon$$obj.o(Region$$Table)
    Region$$Table$$Limit                     0x08007ec0   Number         0  anon$$obj.o(Region$$Table)
    USART1_RX_STA                            0x20000000   Data           2  bsp.o(.data)
    uAddress                                 0x20000002   Data           1  bsp.o(.data)
    DEVICE_ID                                0x20000003   Data           1  bsp.o(.data)
    avg_X_N                                  0x20000004   Data           1  bsp.o(.data)
    uBaudrate                                0x20000006   Data           2  bsp.o(.data)
    times                                    0x20000008   Data           4  bsp.o(.data)
    USART6_RX_STA                            0x2000000c   Data           2  bsp_debug_usart.o(.data)
    falsh_DEVICE_ID                          0x2000000e   Data           4  dwin.o(.data)
    falsh_temp                               0x20000012   Data           8  dwin.o(.data)
    temp_00                                  0x2000001a   Data          10  dwin.o(.data)
    temp_02                                  0x20000024   Data          10  dwin.o(.data)
    temp_03                                  0x2000002e   Data          10  dwin.o(.data)
    temp_01                                  0x20000038   Data          10  dwin.o(.data)
    temp_04                                  0x20000042   Data          10  dwin.o(.data)
    temp_05                                  0x2000004c   Data          10  dwin.o(.data)
    temp_06                                  0x20000056   Data          10  dwin.o(.data)
    temp_07                                  0x20000060   Data          10  dwin.o(.data)
    SystemCoreClock                          0x20000080   Data           4  system_stm32f10x.o(.data)
    AHBPrescTable                            0x20000084   Data          16  system_stm32f10x.o(.data)
    count                                    0x20000094   Data           2  stm32f10x_it.o(.data)
    pxMBFrameCBByteReceived                  0x200000b8   Data           4  mb.o(.data)
    pxMBFrameCBTransmitterEmpty              0x200000bc   Data           4  mb.o(.data)
    pxMBPortCBTimerExpired                   0x200000c0   Data           4  mb.o(.data)
    CPU_IntDisMeasCtr                        0x20000164   Data           2  cpu_core.o(.data)
    CPU_IntDisNestCtr                        0x20000166   Data           2  cpu_core.o(.data)
    CPU_TS_TmrFreq_Hz                        0x20000168   Data           4  cpu_core.o(.data)
    CPU_IntDisMeasStart_cnts                 0x2000016c   Data           4  cpu_core.o(.data)
    CPU_IntDisMeasStop_cnts                  0x20000170   Data           4  cpu_core.o(.data)
    CPU_IntDisMeasOvrhd_cnts                 0x20000174   Data           4  cpu_core.o(.data)
    CPU_IntDisMeasMaxCur_cnts                0x20000178   Data           4  cpu_core.o(.data)
    CPU_IntDisMeasMax_cnts                   0x2000017c   Data           4  cpu_core.o(.data)
    Mem_SegHeadPtr                           0x20000180   Data           4  lib_mem.o(.data)
    OSPrioTbl                                0x20000184   Data           4  os_prio.o(.data)
    OS_AppTaskCreateHookPtr                  0x20000188   Data           4  os_var.o(.data)
    OS_AppTaskDelHookPtr                     0x2000018c   Data           4  os_var.o(.data)
    OS_AppTaskReturnHookPtr                  0x20000190   Data           4  os_var.o(.data)
    OS_AppIdleTaskHookPtr                    0x20000194   Data           4  os_var.o(.data)
    OS_AppStatTaskHookPtr                    0x20000198   Data           4  os_var.o(.data)
    OS_AppTaskSwHookPtr                      0x2000019c   Data           4  os_var.o(.data)
    OS_AppTimeTickHookPtr                    0x200001a0   Data           4  os_var.o(.data)
    OSIdleTaskCtr                            0x200001a4   Data           4  os_var.o(.data)
    OSIntNestingCtr                          0x200001a8   Data           1  os_var.o(.data)
    OSIntDisTimeMax                          0x200001ac   Data           4  os_var.o(.data)
    OSRunning                                0x200001b0   Data           1  os_var.o(.data)
    OSFlagDbgListPtr                         0x200001b4   Data           4  os_var.o(.data)
    OSFlagQty                                0x200001b8   Data           2  os_var.o(.data)
    OSMemDbgListPtr                          0x200001bc   Data           4  os_var.o(.data)
    OSMemQty                                 0x200001c0   Data           2  os_var.o(.data)
    OSMutexDbgListPtr                        0x200001c4   Data           4  os_var.o(.data)
    OSMutexQty                               0x200001c8   Data           2  os_var.o(.data)
    OSPrioCur                                0x200001ca   Data           1  os_var.o(.data)
    OSPrioHighRdy                            0x200001cb   Data           1  os_var.o(.data)
    OSPrioSaved                              0x200001cc   Data           1  os_var.o(.data)
    OSQDbgListPtr                            0x200001d0   Data           4  os_var.o(.data)
    OSQQty                                   0x200001d4   Data           2  os_var.o(.data)
    OSSchedLockNestingCtr                    0x200001d6   Data           1  os_var.o(.data)
    OSSemDbgListPtr                          0x200001d8   Data           4  os_var.o(.data)
    OSSemQty                                 0x200001dc   Data           2  os_var.o(.data)
    OSStatResetFlag                          0x200001de   Data           1  os_var.o(.data)
    OSStatTaskCPUUsage                       0x200001e0   Data           2  os_var.o(.data)
    OSStatTaskCPUUsageMax                    0x200001e2   Data           2  os_var.o(.data)
    OSStatTaskCtr                            0x200001e4   Data           4  os_var.o(.data)
    OSStatTaskCtrMax                         0x200001e8   Data           4  os_var.o(.data)
    OSStatTaskCtrRun                         0x200001ec   Data           4  os_var.o(.data)
    OSStatTaskRdy                            0x200001f0   Data           1  os_var.o(.data)
    OSStatTaskTimeMax                        0x200001f4   Data           4  os_var.o(.data)
    OSTaskCtxSwCtr                           0x200001f8   Data           4  os_var.o(.data)
    OSTaskDbgListPtr                         0x200001fc   Data           4  os_var.o(.data)
    OSTaskQty                                0x20000200   Data           2  os_var.o(.data)
    OSTaskRegNextAvailID                     0x20000202   Data           1  os_var.o(.data)
    OSTickCtr                                0x20000204   Data           4  os_var.o(.data)
    OSTickTaskTimeMax                        0x20000208   Data           4  os_var.o(.data)
    OSTickListDly                            0x2000020c   Data           8  os_var.o(.data)
    OSTickListTimeout                        0x20000214   Data           8  os_var.o(.data)
    OSTmrDbgListPtr                          0x2000021c   Data           4  os_var.o(.data)
    OSTmrListEntries                         0x20000220   Data           2  os_var.o(.data)
    OSTmrListPtr                             0x20000224   Data           4  os_var.o(.data)
    OSTmrTaskTimeMax                         0x20000228   Data           4  os_var.o(.data)
    OSTmrTickCtr                             0x2000022c   Data           4  os_var.o(.data)
    OSTmrUpdateCnt                           0x20000230   Data           4  os_var.o(.data)
    OSTmrUpdateCtr                           0x20000234   Data           4  os_var.o(.data)
    OSTCBCurPtr                              0x20000238   Data           4  os_var.o(.data)
    OSTCBHighRdyPtr                          0x2000023c   Data           4  os_var.o(.data)
    OS_CPU_ExceptStkBase                     0x20000240   Data           4  os_cpu_c.o(.data)
    __stdout                                 0x20000244   Data           4  stdout.o(.data)
    AppTaskStartTCB                          0x20000248   Data         192  main.o(.bss)
    AppTaskParseTCB                          0x20000308   Data         192  main.o(.bss)
    AppTaskLEDTCB                            0x200003c8   Data         192  main.o(.bss)
    AppTask1TCB                              0x20000488   Data         192  main.o(.bss)
    USART1_RX_BUF                            0x20002548   Data          64  bsp.o(.bss)
    RegBuffer                                0x20002588   Data          18  bsp.o(.bss)
    Cof                                      0x2000259a   Data          60  bsp.o(.bss)
    mySensorDatas                            0x200025d6   Data          18  bsp.o(.bss)
    USART6_RX_BUF                            0x200025e8   Data          64  bsp_debug_usart.o(.bss)
    STMFLASH_BUF                             0x20002770   Data        1024  stmflash.o(.bss)
    temp                                     0x20002b70   Data          20  dwin.o(.bss)
    ucRTUBuf                                 0x20002b84   Data         256  mbrtu.o(.bss)
    CPU_Name                                 0x20002ca4   Data          16  cpu_core.o(.bss)
    Mem_Heap                                 0x20002cb4   Data        1024  lib_mem.o(.bss)
    Mem_SegHeap                              0x200030b4   Data          20  lib_mem.o(.bss)
    OSCfg_IdleTaskStk                        0x200030c8   Data         512  os_cfg_app.o(.bss)
    OSCfg_ISRStk                             0x200032c8   Data         400  os_cfg_app.o(.bss)
    OSCfg_MsgPool                            0x20003458   Data        1600  os_cfg_app.o(.bss)
    OSCfg_StatTaskStk                        0x20003a98   Data         400  os_cfg_app.o(.bss)
    OSCfg_TickTaskStk                        0x20003c28   Data         512  os_cfg_app.o(.bss)
    OSCfg_TmrTaskStk                         0x20003e28   Data         512  os_cfg_app.o(.bss)
    OSIdleTaskTCB                            0x20004028   Data         192  os_var.o(.bss)
    OSMsgPool                                0x200040e8   Data          12  os_var.o(.bss)
    OSRdyList                                0x200040f4   Data         384  os_var.o(.bss)
    OSStatTaskTCB                            0x20004274   Data         192  os_var.o(.bss)
    OSTickTaskTCB                            0x20004334   Data         192  os_var.o(.bss)
    OSTmrMutex                               0x200043f4   Data          48  os_var.o(.bss)
    OSTmrTaskTCB                             0x20004424   Data         192  os_var.o(.bss)
    __initial_sp                             0x200048e8   Data           0  startup_stm32f10x_md.o(STACK)



==============================================================================

Memory Map of the image

  Image Entry point : 0x080000ed

  Load Region LR_IROM1 (Base: 0x08000000, Size: 0x00008108, Max: 0x00010000, ABSOLUTE, COMPRESSED[0x00007f44])

    Execution Region ER_IROM1 (Base: 0x08000000, Size: 0x00007ec0, Max: 0x00010000, ABSOLUTE)

    Base Addr    Size         Type   Attr      Idx    E Section Name        Object

    0x08000000   0x000000ec   Data   RO         3094    RESET               startup_stm32f10x_md.o
    0x080000ec   0x00000000   Code   RO         5596  * .ARM.Collect$$$$00000000  mc_w.l(entry.o)
    0x080000ec   0x00000004   Code   RO         5914    .ARM.Collect$$$$00000001  mc_w.l(entry2.o)
    0x080000f0   0x00000004   Code   RO         5917    .ARM.Collect$$$$00000004  mc_w.l(entry5.o)
    0x080000f4   0x00000000   Code   RO         5919    .ARM.Collect$$$$00000008  mc_w.l(entry7b.o)
    0x080000f4   0x00000000   Code   RO         5921    .ARM.Collect$$$$0000000A  mc_w.l(entry8b.o)
    0x080000f4   0x00000008   Code   RO         5922    .ARM.Collect$$$$0000000B  mc_w.l(entry9a.o)
    0x080000fc   0x00000000   Code   RO         5924    .ARM.Collect$$$$0000000D  mc_w.l(entry10a.o)
    0x080000fc   0x00000000   Code   RO         5926    .ARM.Collect$$$$0000000F  mc_w.l(entry11a.o)
    0x080000fc   0x00000004   Code   RO         5915    .ARM.Collect$$$$00002712  mc_w.l(entry2.o)
    0x08000100   0x00000024   Code   RO         3095    .text               startup_stm32f10x_md.o
    0x08000124   0x00000034   Code   RO         3947    .text               cpu_a.o
    0x08000158   0x00000062   Code   RO         5599    .text               mc_w.l(uldiv.o)
    0x080001ba   0x00000040   Code   RO         5633    .text               mc_w.l(memmovea.o)
    0x080001fa   0x00000024   Code   RO         5635    .text               mc_w.l(memseta.o)
    0x0800021e   0x00000024   Code   RO         5637    .text               mc_w.l(strstr.o)
    0x08000242   0x0000000e   Code   RO         5639    .text               mc_w.l(strlen.o)
    0x08000250   0x0000001e   Code   RO         5931    .text               mc_w.l(llshl.o)
    0x0800026e   0x00000020   Code   RO         5933    .text               mc_w.l(llushr.o)
    0x0800028e   0x00000002   PAD
    0x08000290   0x00000024   Code   RO         5946    .text               mc_w.l(init.o)
    0x080002b4   0x00000056   Code   RO         5960    .text               mc_w.l(__dczerorl2.o)
    0x0800030a   0x00000002   PAD
    0x0800030c   0x000000e4   Code   RO         5593    CODE                os_cpu_a.o
    0x080003f0   0x00000060   Code   RO            1    i.AppTask1          main.o
    0x08000450   0x00000070   Code   RO            2    i.AppTaskLED        main.o
    0x080004c0   0x0000001e   Code   RO            3    i.AppTaskParse      main.o
    0x080004de   0x00000002   PAD
    0x080004e0   0x0000015c   Code   RO            4    i.AppTaskStart      main.o
    0x0800063c   0x00000002   Code   RO         3628    i.App_OS_IdleTaskHook  os_app_hooks.o
    0x0800063e   0x00000002   PAD
    0x08000640   0x0000007c   Code   RO         3630    i.App_OS_SetAllHooks  os_app_hooks.o
    0x080006bc   0x00000002   Code   RO         3631    i.App_OS_StatTaskHook  os_app_hooks.o
    0x080006be   0x00000002   Code   RO         3632    i.App_OS_TaskCreateHook  os_app_hooks.o
    0x080006c0   0x00000002   Code   RO         3633    i.App_OS_TaskDelHook  os_app_hooks.o
    0x080006c2   0x00000002   Code   RO         3634    i.App_OS_TaskReturnHook  os_app_hooks.o
    0x080006c4   0x00000002   Code   RO         3635    i.App_OS_TaskSwHook  os_app_hooks.o
    0x080006c6   0x00000002   Code   RO         3636    i.App_OS_TimeTickHook  os_app_hooks.o
    0x080006c8   0x00000010   Code   RO          504    i.BSP_CPU_ClkFreq   bsp_int.o
    0x080006d8   0x000000a4   Code   RO          487    i.BSP_GPIO_Config   bsp_gpio.o
    0x0800077c   0x00000004   Code   RO          488    i.BSP_GPIO_Init     bsp_gpio.o
    0x08000780   0x00000128   Code   RO          248    i.BSP_Init          bsp.o
    0x080008a8   0x0000002c   Code   RO          434    i.BSP_InitUart_Config  bsp_config_usart.o
    0x080008d4   0x00000004   Code   RO          363    i.BSP_InitUart_Debug  bsp_debug_usart.o
    0x080008d8   0x00000004   Code   RO          507    i.BSP_IntDisAll     bsp_int.o
    0x080008dc   0x00000002   Code   RO          537    i.BSP_IntHandlerDummy  bsp_int.o
    0x080008de   0x00000002   PAD
    0x080008e0   0x00000018   Code   RO          593    i.BSP_IntInit       bsp_int.o
    0x080008f8   0x00000030   Code   RO          595    i.BSP_IntVectSet    bsp_int.o
    0x08000928   0x0000000c   Code   RO         3696    i.BSP_OS_TimeDly    bsp_os.o
    0x08000934   0x0000003c   Code   RO          596    i.BSP_Tick_Init     bsp_int.o
    0x08000970   0x0000001c   Code   RO          364    i.CLR_Buf1          bsp_debug_usart.o
    0x0800098c   0x00000020   Code   RO          435    i.CLR_Buf6          bsp_config_usart.o
    0x080009ac   0x0000001c   Code   RO         3746    i.CPU_Init          cpu_core.o
    0x080009c8   0x0000004c   Code   RO         3747    i.CPU_IntDisMeasInit  cpu_core.o
    0x08000a14   0x00000014   Code   RO         3748    i.CPU_IntDisMeasMaxCalc  cpu_core.o
    0x08000a28   0x0000001c   Code   RO         3749    i.CPU_IntDisMeasMaxCurGet  cpu_core.o
    0x08000a44   0x00000020   Code   RO         3750    i.CPU_IntDisMeasMaxCurReset  cpu_core.o
    0x08000a64   0x0000001c   Code   RO         3751    i.CPU_IntDisMeasMaxGet  cpu_core.o
    0x08000a80   0x00000020   Code   RO         3752    i.CPU_IntDisMeasStart  cpu_core.o
    0x08000aa0   0x00000030   Code   RO         3753    i.CPU_IntDisMeasStop  cpu_core.o
    0x08000ad0   0x00000028   Code   RO         3754    i.CPU_NameClr       cpu_core.o
    0x08000af8   0x0000004c   Code   RO         3756    i.CPU_NameSet       cpu_core.o
    0x08000b44   0x00000002   Code   RO         3758    i.CPU_SW_Exception  cpu_core.o
    0x08000b46   0x00000002   PAD
    0x08000b48   0x0000000c   Code   RO         3761    i.CPU_TS_TmrFreqSet  cpu_core.o
    0x08000b54   0x00000030   Code   RO         3604    i.CPU_TS_TmrInit    cpu_bsp.o
    0x08000b84   0x0000000c   Code   RO         3605    i.CPU_TS_TmrRd      cpu_bsp.o
    0x08000b90   0x0000000c   Code   RO         1851    i.FLASH_ClearFlag   stm32f10x_flash.o
    0x08000b9c   0x0000003c   Code   RO         1856    i.FLASH_ErasePage   stm32f10x_flash.o
    0x08000bd8   0x00000028   Code   RO         1857    i.FLASH_GetBank1Status  stm32f10x_flash.o
    0x08000c00   0x00000010   Code   RO         1866    i.FLASH_Lock        stm32f10x_flash.o
    0x08000c10   0x00000034   Code   RO         1869    i.FLASH_ProgramHalfWord  stm32f10x_flash.o
    0x08000c44   0x00000018   Code   RO         1874    i.FLASH_Unlock      stm32f10x_flash.o
    0x08000c5c   0x00000024   Code   RO         1878    i.FLASH_WaitForLastOperation  stm32f10x_flash.o
    0x08000c80   0x00000018   Code   RO          366    i.Find_usart1       bsp_debug_usart.o
    0x08000c98   0x00000018   Code   RO          436    i.Find_usart6       bsp_config_usart.o
    0x08000cb0   0x000000a8   Code   RO         1129    i.GENERAL_TIMx_PWM_Init  pwm.o
    0x08000d58   0x000000a2   Code   RO         2029    i.GPIO_Init         stm32f10x_gpio.o
    0x08000dfa   0x00000002   PAD
    0x08000dfc   0x00000058   Code   RO         2031    i.GPIO_PinRemapConfig  stm32f10x_gpio.o
    0x08000e54   0x00000058   Code   RO         1142    i.GUI_showData      dwin.o
    0x08000eac   0x00000150   Code   RO         1156    i.Get_Sampling_Speed_regulation_data  dwin.o
    0x08000ffc   0x0000018c   Code   RO         1157    i.Get_Sampling_Zero_Calibration  dwin.o
    0x08001188   0x00000080   Code   RO         1158    i.Get_Sampling_period  dwin.o
    0x08001208   0x00000158   Code   RO         1159    i.Get_Sampling_period_data  dwin.o
    0x08001360   0x00000080   Code   RO         1160    i.Get_Speed_period  dwin.o
    0x080013e0   0x00000080   Code   RO         1161    i.Get_Zero_Calibration  dwin.o
    0x08001460   0x00000080   Code   RO         1162    i.Get_cof0_PM2_5_0_50  dwin.o
    0x080014e0   0x00000080   Code   RO         1163    i.Get_cof0_PM2_5_1000_1500  dwin.o
    0x08001560   0x00000080   Code   RO         1164    i.Get_cof0_PM2_5_100_500  dwin.o
    0x080015e0   0x00000080   Code   RO         1165    i.Get_cof0_PM2_5_13000_20000  dwin.o
    0x08001660   0x00000080   Code   RO         1166    i.Get_cof0_PM2_5_1500_3000  dwin.o
    0x080016e0   0x00000080   Code   RO         1167    i.Get_cof0_PM2_5_20000_30000  dwin.o
    0x08001760   0x00000080   Code   RO         1168    i.Get_cof0_PM2_5_3000_8000  dwin.o
    0x080017e0   0x00000080   Code   RO         1169    i.Get_cof0_PM2_5_500_1000  dwin.o
    0x08001860   0x00000080   Code   RO         1170    i.Get_cof0_PM2_5_50_100  dwin.o
    0x080018e0   0x00000080   Code   RO         1171    i.Get_cof0_PM2_5_8000_13000  dwin.o
    0x08001960   0x000002c8   Code   RO         1172    i.Get_cof0_pm2_5_data  dwin.o
    0x08001c28   0x00000080   Code   RO         1173    i.Get_cof1_PM10_0_50  dwin.o
    0x08001ca8   0x00000080   Code   RO         1174    i.Get_cof1_PM10_1000_1500  dwin.o
    0x08001d28   0x00000080   Code   RO         1175    i.Get_cof1_PM10_100_500  dwin.o
    0x08001da8   0x00000080   Code   RO         1176    i.Get_cof1_PM10_13000_20000  dwin.o
    0x08001e28   0x00000080   Code   RO         1177    i.Get_cof1_PM10_1500_3000  dwin.o
    0x08001ea8   0x00000080   Code   RO         1178    i.Get_cof1_PM10_20000_30000  dwin.o
    0x08001f28   0x00000080   Code   RO         1179    i.Get_cof1_PM10_3000_8000  dwin.o
    0x08001fa8   0x00000080   Code   RO         1180    i.Get_cof1_PM10_500_1000  dwin.o
    0x08002028   0x00000080   Code   RO         1181    i.Get_cof1_PM10_50_100  dwin.o
    0x080020a8   0x00000080   Code   RO         1182    i.Get_cof1_PM10_8000_13000  dwin.o
    0x08002128   0x000002c8   Code   RO         1183    i.Get_cof1_pm10_data  dwin.o
    0x080023f0   0x00000080   Code   RO         1184    i.Get_cof2_tsp_0_50  dwin.o
    0x08002470   0x00000080   Code   RO         1185    i.Get_cof2_tsp_1000_1500  dwin.o
    0x080024f0   0x00000080   Code   RO         1186    i.Get_cof2_tsp_100_500  dwin.o
    0x08002570   0x00000080   Code   RO         1187    i.Get_cof2_tsp_13000_20000  dwin.o
    0x080025f0   0x00000080   Code   RO         1188    i.Get_cof2_tsp_1500_3000  dwin.o
    0x08002670   0x00000080   Code   RO         1189    i.Get_cof2_tsp_20000_30000  dwin.o
    0x080026f0   0x00000080   Code   RO         1190    i.Get_cof2_tsp_3000_8000  dwin.o
    0x08002770   0x00000080   Code   RO         1191    i.Get_cof2_tsp_500_1000  dwin.o
    0x080027f0   0x00000080   Code   RO         1192    i.Get_cof2_tsp_50_100  dwin.o
    0x08002870   0x00000080   Code   RO         1193    i.Get_cof2_tsp_8000_13000  dwin.o
    0x080028f0   0x000002c8   Code   RO         1194    i.Get_cof2_tsp_data  dwin.o
    0x08002bb8   0x00000020   Code   RO         3129    i.HardFault_Handler  stm32f10x_it.o
    0x08002bd8   0x00000026   Code   RO          251    i.IWDG_Config       bsp.o
    0x08002bfe   0x00000002   PAD
    0x08002c00   0x00000010   Code   RO         2517    i.IWDG_Enable       stm32f10x_iwdg.o
    0x08002c10   0x00000004   Code   RO          252    i.IWDG_Feed         bsp.o
    0x08002c14   0x00000010   Code   RO         2519    i.IWDG_ReloadCounter  stm32f10x_iwdg.o
    0x08002c24   0x0000000c   Code   RO         2520    i.IWDG_SetPrescaler  stm32f10x_iwdg.o
    0x08002c30   0x0000000c   Code   RO         2521    i.IWDG_SetReload    stm32f10x_iwdg.o
    0x08002c3c   0x0000000c   Code   RO         2522    i.IWDG_WriteAccessCmd  stm32f10x_iwdg.o
    0x08002c48   0x00000380   Code   RO          253    i.InitGlobalVariables  bsp.o
    0x08002fc8   0x0000006c   Code   RO         1206    i.LCD_mode          dwin.o
    0x08003034   0x0000003c   Code   RO         1207    i.LCD_mode_select   dwin.o
    0x08003070   0x00000008   Code   RO         4055    i.Mem_Clr           lib_mem.o
    0x08003078   0x00000040   Code   RO         4065    i.Mem_Init          lib_mem.o
    0x080030b8   0x0000003e   Code   RO         4078    i.Mem_SegCreate     lib_mem.o
    0x080030f6   0x00000002   PAD
    0x080030f8   0x0000001c   Code   RO         4079    i.Mem_SegCreateCritical  lib_mem.o
    0x08003114   0x00000044   Code   RO         4081    i.Mem_Set           lib_mem.o
    0x08003158   0x0000003c   Code   RO          367    i.NOVA_USART1_IRQHandler  bsp_debug_usart.o
    0x08003194   0x00000064   Code   RO         1815    i.NVIC_Init         misc.o
    0x080031f8   0x00000014   Code   RO         1816    i.NVIC_PriorityGroupConfig  misc.o
    0x0800320c   0x00000002   Code   RO         4385    i.OSCfg_Init        os_cfg_app.o
    0x0800320e   0x00000002   PAD
    0x08003210   0x00000010   Code   RO         5520    i.OSIdleTaskHook    os_cpu_c.o
    0x08003220   0x00000140   Code   RO         4449    i.OSInit            os_core.o
    0x08003360   0x00000024   Code   RO         5521    i.OSInitHook        os_cpu_c.o
    0x08003384   0x00000020   Code   RO         4450    i.OSIntEnter        os_core.o
    0x080033a4   0x00000084   Code   RO         4451    i.OSIntExit         os_core.o
    0x08003428   0x00000054   Code   RO         4813    i.OSMutexCreate     os_mutex.o
    0x0800347c   0x00000160   Code   RO         4814    i.OSMutexPend       os_mutex.o
    0x080035dc   0x00000130   Code   RO         4815    i.OSMutexPost       os_mutex.o
    0x0800370c   0x0000007c   Code   RO         4452    i.OSSched           os_core.o
    0x08003788   0x00000048   Code   RO         4453    i.OSSchedLock       os_core.o
    0x080037d0   0x00000060   Code   RO         4454    i.OSSchedUnlock     os_core.o
    0x08003830   0x00000058   Code   RO         4455    i.OSStart           os_core.o
    0x08003888   0x000000d4   Code   RO         5094    i.OSStatReset       os_stat.o
    0x0800395c   0x000000b4   Code   RO         5095    i.OSStatTaskCPUUsageInit  os_stat.o
    0x08003a10   0x00000010   Code   RO         5522    i.OSStatTaskHook    os_cpu_c.o
    0x08003a20   0x00000114   Code   RO         5125    i.OSTaskCreate      os_task.o
    0x08003b34   0x00000010   Code   RO         5523    i.OSTaskCreateHook  os_cpu_c.o
    0x08003b44   0x00000026   Code   RO         5132    i.OSTaskResume      os_task.o
    0x08003b6a   0x00000002   PAD
    0x08003b6c   0x00000010   Code   RO         5525    i.OSTaskReturnHook  os_cpu_c.o
    0x08003b7c   0x0000011c   Code   RO         5133    i.OSTaskSemPend     os_task.o
    0x08003c98   0x0000001c   Code   RO         5135    i.OSTaskSemPost     os_task.o
    0x08003cb4   0x0000008c   Code   RO         5137    i.OSTaskStkChk      os_task.o
    0x08003d40   0x00000074   Code   RO         5526    i.OSTaskStkInit     os_cpu_c.o
    0x08003db4   0x00000018   Code   RO         5138    i.OSTaskSuspend     os_task.o
    0x08003dcc   0x00000050   Code   RO         5527    i.OSTaskSwHook      os_cpu_c.o
    0x08003e1c   0x00000084   Code   RO         5326    i.OSTimeDly         os_time.o
    0x08003ea0   0x000000c4   Code   RO         5327    i.OSTimeDlyHMSM     os_time.o
    0x08003f64   0x0000003c   Code   RO         5330    i.OSTimeTick        os_time.o
    0x08003fa0   0x00000010   Code   RO         5528    i.OSTimeTickHook    os_cpu_c.o
    0x08003fb0   0x00000002   Code   RO         4646    i.OS_Dbg_Init       os_dbg.o
    0x08003fb2   0x00000002   PAD
    0x08003fb4   0x00000018   Code   RO         4671    i.OS_FlagInit       os_flag.o
    0x08003fcc   0x00000034   Code   RO         4457    i.OS_IdleTask       os_core.o
    0x08004000   0x00000068   Code   RO         4458    i.OS_IdleTaskInit   os_core.o
    0x08004068   0x00000018   Code   RO         4745    i.OS_MemInit        os_mem.o
    0x08004080   0x00000054   Code   RO         4777    i.OS_MsgPoolInit    os_msg.o
    0x080040d4   0x0000000e   Code   RO         4780    i.OS_MsgQInit       os_msg.o
    0x080040e2   0x00000002   PAD
    0x080040e4   0x00000024   Code   RO         4817    i.OS_MutexDbgListAdd  os_mutex.o
    0x08004108   0x00000022   Code   RO         4821    i.OS_MutexGrpPrioFindHighest  os_mutex.o
    0x0800412a   0x00000014   Code   RO         4822    i.OS_MutexGrpRemove  os_mutex.o
    0x0800413e   0x00000002   PAD
    0x08004140   0x00000018   Code   RO         4823    i.OS_MutexInit      os_mutex.o
    0x08004158   0x00000050   Code   RO         4459    i.OS_Pend           os_core.o
    0x080041a8   0x00000032   Code   RO         4462    i.OS_PendDataInit   os_core.o
    0x080041da   0x00000002   PAD
    0x080041dc   0x00000048   Code   RO         4463    i.OS_PendDbgNameAdd  os_core.o
    0x08004224   0x0000001c   Code   RO         4464    i.OS_PendDbgNameRemove  os_core.o
    0x08004240   0x00000030   Code   RO         4465    i.OS_PendListChangePrio  os_core.o
    0x08004270   0x0000000a   Code   RO         4466    i.OS_PendListInit   os_core.o
    0x0800427a   0x0000005a   Code   RO         4468    i.OS_PendListInsertPrio  os_core.o
    0x080042d4   0x0000002a   Code   RO         4469    i.OS_PendListRemove  os_core.o
    0x080042fe   0x00000036   Code   RO         4470    i.OS_PendListRemove1  os_core.o
    0x08004334   0x000000b2   Code   RO         4473    i.OS_Post           os_core.o
    0x080043e6   0x00000028   Code   RO         4474    i.OS_Post1          os_core.o
    0x0800440e   0x00000002   PAD
    0x08004410   0x00000024   Code   RO         4913    i.OS_PrioGetHighest  os_prio.o
    0x08004434   0x0000000c   Code   RO         4914    i.OS_PrioInit       os_prio.o
    0x08004440   0x00000020   Code   RO         4915    i.OS_PrioInsert     os_prio.o
    0x08004460   0x00000020   Code   RO         4916    i.OS_PrioRemove     os_prio.o
    0x08004480   0x00000018   Code   RO         4959    i.OS_QInit          os_q.o
    0x08004498   0x00000024   Code   RO         4475    i.OS_RdyListInit    os_core.o
    0x080044bc   0x00000030   Code   RO         4476    i.OS_RdyListInsert  os_core.o
    0x080044ec   0x00000038   Code   RO         4477    i.OS_RdyListInsertHead  os_core.o
    0x08004524   0x00000034   Code   RO         4478    i.OS_RdyListInsertTail  os_core.o
    0x08004558   0x00000054   Code   RO         4480    i.OS_RdyListRemove  os_core.o
    0x080045ac   0x00000018   Code   RO         5031    i.OS_SemInit        os_sem.o
    0x080045c4   0x00000244   Code   RO         5096    i.OS_StatTask       os_stat.o
    0x08004808   0x000000bc   Code   RO         5097    i.OS_StatTaskInit   os_stat.o
    0x080048c4   0x00000028   Code   RO         4481    i.OS_TaskBlock      os_core.o
    0x080048ec   0x000000b8   Code   RO         5139    i.OS_TaskChangePrio  os_task.o
    0x080049a4   0x00000024   Code   RO         5140    i.OS_TaskDbgListAdd  os_task.o
    0x080049c8   0x00000020   Code   RO         5142    i.OS_TaskInit       os_task.o
    0x080049e8   0x000000c4   Code   RO         5143    i.OS_TaskInitTCB    os_task.o
    0x08004aac   0x000000b8   Code   RO         5145    i.OS_TaskResume     os_task.o
    0x08004b64   0x00000020   Code   RO         5146    i.OS_TaskReturn     os_task.o
    0x08004b84   0x000000ac   Code   RO         5147    i.OS_TaskSemPost    os_task.o
    0x08004c30   0x000000a8   Code   RO         5148    i.OS_TaskSuspend    os_task.o
    0x08004cd8   0x0000005e   Code   RO         5280    i.OS_TickListInsert  os_tick.o
    0x08004d36   0x00000002   PAD
    0x08004d38   0x0000007c   Code   RO         5281    i.OS_TickListInsertDly  os_tick.o
    0x08004db4   0x00000040   Code   RO         5282    i.OS_TickListRemove  os_tick.o
    0x08004df4   0x00000084   Code   RO         5283    i.OS_TickListUpdateDly  os_tick.o
    0x08004e78   0x000000ec   Code   RO         5284    i.OS_TickListUpdateTimeout  os_tick.o
    0x08004f64   0x00000054   Code   RO         5285    i.OS_TickTask       os_tick.o
    0x08004fb8   0x000000b4   Code   RO         5286    i.OS_TickTaskInit   os_tick.o
    0x0800506c   0x00000118   Code   RO         5371    i.OS_TmrInit        os_tmr.o
    0x08005184   0x00000018   Code   RO         5372    i.OS_TmrLock        os_tmr.o
    0x0800519c   0x00000098   Code   RO         5373    i.OS_TmrTask        os_tmr.o
    0x08005234   0x0000003c   Code   RO         5374    i.OS_TmrUnlink      os_tmr.o
    0x08005270   0x00000014   Code   RO         5375    i.OS_TmrUnlock      os_tmr.o
    0x08005284   0x0000004c   Code   RO          368    i.Open_Measurement  bsp_debug_usart.o
    0x080052d0   0x000000ac   Code   RO          254    i.ParsePM25Command_CUBIC  bsp.o
    0x0800537c   0x0000007c   Code   RO          255    i.Ping_TIM1Init     bsp.o
    0x080053f8   0x00000018   Code   RO         2139    i.RCC_APB1PeriphClockCmd  stm32f10x_rcc.o
    0x08005410   0x00000018   Code   RO         2141    i.RCC_APB2PeriphClockCmd  stm32f10x_rcc.o
    0x08005428   0x00000090   Code   RO         2149    i.RCC_GetClocksFreq  stm32f10x_rcc.o
    0x080054b8   0x0000001a   Code   RO         1092    i.STMFLASH_Read     stmflash.o
    0x080054d2   0x00000002   PAD
    0x080054d4   0x000000c4   Code   RO         1094    i.STMFLASH_Write    stmflash.o
    0x08005598   0x00000028   Code   RO         1095    i.STMFLASH_Write_NoCheck  stmflash.o
    0x080055c0   0x000000a8   Code   RO         3100    i.SetSysClockTo72   system_stm32f10x.o
    0x08005668   0x00000032   Code   RO         4242    i.Str_Copy_N        lib_str.o
    0x0800569a   0x00000016   Code   RO         4247    i.Str_Len_N         lib_str.o
    0x080056b0   0x00000030   Code   RO         3130    i.SysTick_Handler   stm32f10x_it.o
    0x080056e0   0x00000050   Code   RO         3102    i.SystemInit        system_stm32f10x.o
    0x08005730   0x0000006c   Code   RO         3131    i.TIM1_UP_IRQHandler  stm32f10x_it.o
    0x0800579c   0x0000002c   Code   RO         3230    i.TIM4_IRQHandler   porttimer.o
    0x080057c8   0x00000014   Code   RO         2561    i.TIM_ARRPreloadConfig  stm32f10x_tim.o
    0x080057dc   0x00000006   Code   RO         2567    i.TIM_ClearFlag     stm32f10x_tim.o
    0x080057e2   0x00000006   Code   RO         2568    i.TIM_ClearITPendingBit  stm32f10x_tim.o
    0x080057e8   0x00000014   Code   RO         2573    i.TIM_Cmd           stm32f10x_tim.o
    0x080057fc   0x00000018   Code   RO         2594    i.TIM_GetITStatus   stm32f10x_tim.o
    0x08005814   0x00000010   Code   RO         2598    i.TIM_ITConfig      stm32f10x_tim.o
    0x08005824   0x00000080   Code   RO         2607    i.TIM_OC2Init       stm32f10x_tim.o
    0x080058a4   0x00000014   Code   RO         2610    i.TIM_OC2PreloadConfig  stm32f10x_tim.o
    0x080058b8   0x00000004   Code   RO         2635    i.TIM_SetCompare2   stm32f10x_tim.o
    0x080058bc   0x00000004   Code   RO         2638    i.TIM_SetCounter    stm32f10x_tim.o
    0x080058c0   0x0000009c   Code   RO         2644    i.TIM_TimeBaseInit  stm32f10x_tim.o
    0x0800595c   0x0000002c   Code   RO          437    i.UART6_WriteBuffer  bsp_config_usart.o
    0x08005988   0x00000026   Code   RO         3132    i.USART1_IRQHandler  stm32f10x_it.o
    0x080059ae   0x00000002   PAD
    0x080059b0   0x00000048   Code   RO         3194    i.USART2_IRQHandler  portserial.o
    0x080059f8   0x0000003c   Code   RO          438    i.USART3_IRQHandler  bsp_config_usart.o
    0x08005a34   0x00000006   Code   RO         2337    i.USART_ClearFlag   stm32f10x_usart.o
    0x08005a3a   0x0000000c   Code   RO         2338    i.USART_ClearITPendingBit  stm32f10x_usart.o
    0x08005a46   0x00000014   Code   RO         2341    i.USART_Cmd         stm32f10x_usart.o
    0x08005a5a   0x00000002   PAD
    0x08005a5c   0x000000b4   Code   RO          370    i.USART_Configuration  bsp_debug_usart.o
    0x08005b10   0x00000098   Code   RO          439    i.USART_Configuration  bsp_config_usart.o
    0x08005ba8   0x0000000e   Code   RO         2344    i.USART_GetFlagStatus  stm32f10x_usart.o
    0x08005bb6   0x0000003e   Code   RO         2345    i.USART_GetITStatus  stm32f10x_usart.o
    0x08005bf4   0x00000030   Code   RO         2347    i.USART_ITConfig    stm32f10x_usart.o
    0x08005c24   0x000000ac   Code   RO         2348    i.USART_Init        stm32f10x_usart.o
    0x08005cd0   0x00000008   Code   RO         2355    i.USART_ReceiveData  stm32f10x_usart.o
    0x08005cd8   0x00000008   Code   RO         2358    i.USART_SendData    stm32f10x_usart.o
    0x08005ce0   0x0000002c   Code   RO          371    i.Uart1WriteBuffer_Config  bsp_debug_usart.o
    0x08005d0c   0x00000020   Code   RO         5860    i.__0printf$8       mc_w.l(printf8.o)
    0x08005d2c   0x0000000e   Code   RO         5954    i.__scatterload_copy  mc_w.l(handlers.o)
    0x08005d3a   0x00000002   Code   RO         5955    i.__scatterload_null  mc_w.l(handlers.o)
    0x08005d3c   0x0000000e   Code   RO         5956    i.__scatterload_zeroinit  mc_w.l(handlers.o)
    0x08005d4a   0x00000002   PAD
    0x08005d4c   0x00000410   Code   RO         5867    i._printf_core      mc_w.l(printf8.o)
    0x0800615c   0x00000024   Code   RO         5868    i._printf_post_padding  mc_w.l(printf8.o)
    0x08006180   0x0000002e   Code   RO         5869    i._printf_pre_padding  mc_w.l(printf8.o)
    0x080061ae   0x00000002   PAD
    0x080061b0   0x0000009c   Code   RO          257    i.data_correction_PM10  bsp.o
    0x0800624c   0x0000009c   Code   RO          258    i.data_correction_PM2_5  bsp.o
    0x080062e8   0x0000009c   Code   RO          259    i.data_correction_TSP  bsp.o
    0x08006384   0x0000003c   Code   RO         1215    i.data_display      dwin.o
    0x080063c0   0x00000034   Code   RO         1217    i.data_display_PM10  dwin.o
    0x080063f4   0x00000034   Code   RO         1218    i.data_display_PM25  dwin.o
    0x08006428   0x00000034   Code   RO         1219    i.data_display_TSP  dwin.o
    0x0800645c   0x00000034   Code   RO         1226    i.data_display_sampling  dwin.o
    0x08006490   0x0000003c   Code   RO         3536    i.eMBASCIIInit      mbascii.o
    0x080064cc   0x0000004c   Code   RO         3537    i.eMBASCIIReceive   mbascii.o
    0x08006518   0x00000054   Code   RO         3538    i.eMBASCIISend      mbascii.o
    0x0800656c   0x00000024   Code   RO         3539    i.eMBASCIIStart     mbascii.o
    0x08006590   0x0000001c   Code   RO         3540    i.eMBASCIIStop      mbascii.o
    0x080065ac   0x00000020   Code   RO         3262    i.eMBEnable         mb.o
    0x080065cc   0x0000006e   Code   RO         3410    i.eMBFuncReadCoils  mbfunccoils.o
    0x0800663a   0x0000006e   Code   RO         3437    i.eMBFuncReadDiscreteInputs  mbfuncdisc.o
    0x080066a8   0x0000005a   Code   RO         3449    i.eMBFuncReadHoldingRegister  mbfuncholding.o
    0x08006702   0x0000005e   Code   RO         3479    i.eMBFuncReadInputRegister  mbfuncinput.o
    0x08006760   0x0000009c   Code   RO         3450    i.eMBFuncReadWriteMultipleHoldingRegister  mbfuncholding.o
    0x080067fc   0x00000024   Code   RO         3491    i.eMBFuncReportSlaveID  mbfuncother.o
    0x08006820   0x00000052   Code   RO         3411    i.eMBFuncWriteCoil  mbfunccoils.o
    0x08006872   0x0000002e   Code   RO         3451    i.eMBFuncWriteHoldingRegister  mbfuncholding.o
    0x080068a0   0x0000005e   Code   RO         3412    i.eMBFuncWriteMultipleCoils  mbfunccoils.o
    0x080068fe   0x0000004a   Code   RO         3452    i.eMBFuncWriteMultipleHoldingRegister  mbfuncholding.o
    0x08006948   0x000000c8   Code   RO         3263    i.eMBInit           mb.o
    0x08006a10   0x000000b4   Code   RO         3264    i.eMBPoll           mb.o
    0x08006ac4   0x00000048   Code   RO         3349    i.eMBRTUInit        mbrtu.o
    0x08006b0c   0x0000005c   Code   RO         3350    i.eMBRTUReceive     mbrtu.o
    0x08006b68   0x00000078   Code   RO         3351    i.eMBRTUSend        mbrtu.o
    0x08006be0   0x00000024   Code   RO         3352    i.eMBRTUStart       mbrtu.o
    0x08006c04   0x0000001c   Code   RO         3353    i.eMBRTUStop        mbrtu.o
    0x08006c20   0x00000004   Code   RO          260    i.eMBRegCoilsCB     bsp.o
    0x08006c24   0x00000004   Code   RO          261    i.eMBRegDiscreteCB  bsp.o
    0x08006c28   0x00000284   Code   RO          262    i.eMBRegHoldingCB   bsp.o
    0x08006eac   0x00000004   Code   RO          263    i.eMBRegInputCB     bsp.o
    0x08006eb0   0x00000048   Code   RO         3492    i.eMBSetSlaveID     mbfuncother.o
    0x08006ef8   0x00000024   Code   RO          372    i.fputc             bsp_debug_usart.o
    0x08006f1c   0x0000007c   Code   RO            5    i.main              main.o
    0x08006f98   0x00000018   Code   RO         3512    i.prveMBError2Exception  mbutils.o
    0x08006fb0   0x0000001a   Code   RO         3541    i.prvucMBBIN2CHAR   mbascii.o
    0x08006fca   0x00000018   Code   RO         3542    i.prvucMBLRC        mbascii.o
    0x08006fe2   0x00000002   PAD
    0x08006fe4   0x000000f0   Code   RO         1232    i.raed_cof0_pm2_5   dwin.o
    0x080070d4   0x000000f0   Code   RO         1233    i.raed_cof1_pm10    dwin.o
    0x080071c4   0x000000f0   Code   RO         1234    i.raed_cof2_tsp     dwin.o
    0x080072b4   0x000000b8   Code   RO         1236    i.read_DEVICE_ID    dwin.o
    0x0800736c   0x000000ac   Code   RO         1237    i.read_SPEED        dwin.o
    0x08007418   0x000000b8   Code   RO         1238    i.read_Zero_Calibration  dwin.o
    0x080074d0   0x0000015c   Code   RO         1241    i.setting_mode      dwin.o
    0x0800762c   0x00000020   Code   RO         1242    i.show_mian         dwin.o
    0x0800764c   0x0000002c   Code   RO         3335    i.usMBCRC16         mbcrc.o
    0x08007678   0x00000020   Code   RO         3195    i.vMBPortSerialEnable  portserial.o
    0x08007698   0x00000018   Code   RO         3231    i.vMBPortTimersDisable  porttimer.o
    0x080076b0   0x00000018   Code   RO         3232    i.vMBPortTimersEnable  porttimer.o
    0x080076c8   0x00000024   Code   RO         1243    i.write_DEVICE_ID   dwin.o
    0x080076ec   0x00000024   Code   RO         1244    i.write_SPEED       dwin.o
    0x08007710   0x00000024   Code   RO         1245    i.write_Zero_Calibration  dwin.o
    0x08007734   0x00000040   Code   RO         1247    i.write_flash_cof0_pm2_5  dwin.o
    0x08007774   0x00000040   Code   RO         1248    i.write_flash_cof1_pm10  dwin.o
    0x080077b4   0x00000040   Code   RO         1249    i.write_flash_cof2_tsp  dwin.o
    0x080077f4   0x000000dc   Code   RO         3543    i.xMBASCIIReceiveFSM  mbascii.o
    0x080078d0   0x00000020   Code   RO         3544    i.xMBASCIITimerT1SExpired  mbascii.o
    0x080078f0   0x000000a4   Code   RO         3545    i.xMBASCIITransmitFSM  mbascii.o
    0x08007994   0x0000001c   Code   RO         3168    i.xMBPortEventGet   portevent.o
    0x080079b0   0x00000010   Code   RO         3169    i.xMBPortEventInit  portevent.o
    0x080079c0   0x00000010   Code   RO         3170    i.xMBPortEventPost  portevent.o
    0x080079d0   0x00000010   Code   RO         3196    i.xMBPortSerialGetByte  portserial.o
    0x080079e0   0x000000c8   Code   RO         3197    i.xMBPortSerialInit  portserial.o
    0x08007aa8   0x00000020   Code   RO         3198    i.xMBPortSerialPutByte  portserial.o
    0x08007ac8   0x0000008c   Code   RO         3233    i.xMBPortTimersInit  porttimer.o
    0x08007b54   0x00000060   Code   RO         3354    i.xMBRTUReceiveFSM  mbrtu.o
    0x08007bb4   0x00000028   Code   RO         3355    i.xMBRTUTimerT35Expired  mbrtu.o
    0x08007bdc   0x00000050   Code   RO         3356    i.xMBRTUTransmitFSM  mbrtu.o
    0x08007c2c   0x00000017   Data   RO          265    .constdata          bsp.o
    0x08007c43   0x00000200   Data   RO         3336    .constdata          mbcrc.o
    0x08007e43   0x00000001   PAD
    0x08007e44   0x00000004   Data   RO         4392    .constdata          os_cfg_app.o
    0x08007e48   0x00000004   Data   RO         4393    .constdata          os_cfg_app.o
    0x08007e4c   0x00000004   Data   RO         4394    .constdata          os_cfg_app.o
    0x08007e50   0x00000004   Data   RO         4403    .constdata          os_cfg_app.o
    0x08007e54   0x00000004   Data   RO         4404    .constdata          os_cfg_app.o
    0x08007e58   0x00000002   Data   RO         4406    .constdata          os_cfg_app.o
    0x08007e5a   0x00000002   PAD
    0x08007e5c   0x00000004   Data   RO         4408    .constdata          os_cfg_app.o
    0x08007e60   0x00000001   Data   RO         4409    .constdata          os_cfg_app.o
    0x08007e61   0x00000003   PAD
    0x08007e64   0x00000004   Data   RO         4410    .constdata          os_cfg_app.o
    0x08007e68   0x00000004   Data   RO         4411    .constdata          os_cfg_app.o
    0x08007e6c   0x00000004   Data   RO         4412    .constdata          os_cfg_app.o
    0x08007e70   0x00000004   Data   RO         4413    .constdata          os_cfg_app.o
    0x08007e74   0x00000004   Data   RO         4415    .constdata          os_cfg_app.o
    0x08007e78   0x00000004   Data   RO         4416    .constdata          os_cfg_app.o
    0x08007e7c   0x00000001   Data   RO         4417    .constdata          os_cfg_app.o
    0x08007e7d   0x00000003   PAD
    0x08007e80   0x00000004   Data   RO         4418    .constdata          os_cfg_app.o
    0x08007e84   0x00000004   Data   RO         4419    .constdata          os_cfg_app.o
    0x08007e88   0x00000004   Data   RO         4420    .constdata          os_cfg_app.o
    0x08007e8c   0x00000001   Data   RO         4422    .constdata          os_cfg_app.o
    0x08007e8d   0x00000003   PAD
    0x08007e90   0x00000004   Data   RO         4423    .constdata          os_cfg_app.o
    0x08007e94   0x00000004   Data   RO         4424    .constdata          os_cfg_app.o
    0x08007e98   0x00000004   Data   RO         4425    .constdata          os_cfg_app.o
    0x08007e9c   0x00000004   Data   RO         4426    .constdata          os_cfg_app.o
    0x08007ea0   0x00000020   Data   RO         5952    Region$$Table       anon$$obj.o


    Execution Region RW_IRAM1 (Base: 0x20000000, Size: 0x000048e8, Max: 0x00005000, ABSOLUTE, COMPRESSED[0x00000084])

    Base Addr    Size         Type   Attr      Idx    E Section Name        Object

    0x20000000   0x00000002   Data   RW          266    .data               bsp.o
    0x20000002   0x0000000a   Data   RW          267    .data               bsp.o
    0x2000000c   0x00000002   Data   RW          374    .data               bsp_debug_usart.o
    0x2000000e   0x0000005c   Data   RW         1253    .data               dwin.o
    0x2000006a   0x00000014   Data   RW         2169    .data               stm32f10x_rcc.o
    0x2000007e   0x00000002   PAD
    0x20000080   0x00000014   Data   RW         3103    .data               system_stm32f10x.o
    0x20000094   0x00000002   Data   RW         3134    .data               stm32f10x_it.o
    0x20000096   0x00000002   Data   RW         3171    .data               portevent.o
    0x20000098   0x000000ac   Data   RW         3266    .data               mb.o
    0x20000144   0x0000000c   Data   RW         3358    .data               mbrtu.o
    0x20000150   0x00000002   Data   RW         3494    .data               mbfuncother.o
    0x20000152   0x00000002   PAD
    0x20000154   0x00000010   Data   RW         3546    .data               mbascii.o
    0x20000164   0x0000001c   Data   RW         3766    .data               cpu_core.o
    0x20000180   0x00000004   Data   RW         4083    .data               lib_mem.o
    0x20000184   0x00000004   Data   RW         4917    .data               os_prio.o
    0x20000188   0x00000004   Data   RW         5457    .data               os_var.o
    0x2000018c   0x00000004   Data   RW         5458    .data               os_var.o
    0x20000190   0x00000004   Data   RW         5459    .data               os_var.o
    0x20000194   0x00000004   Data   RW         5460    .data               os_var.o
    0x20000198   0x00000004   Data   RW         5461    .data               os_var.o
    0x2000019c   0x00000004   Data   RW         5462    .data               os_var.o
    0x200001a0   0x00000004   Data   RW         5463    .data               os_var.o
    0x200001a4   0x00000004   Data   RW         5464    .data               os_var.o
    0x200001a8   0x00000001   Data   RW         5465    .data               os_var.o
    0x200001a9   0x00000003   PAD
    0x200001ac   0x00000004   Data   RW         5466    .data               os_var.o
    0x200001b0   0x00000001   Data   RW         5467    .data               os_var.o
    0x200001b1   0x00000003   PAD
    0x200001b4   0x00000004   Data   RW         5468    .data               os_var.o
    0x200001b8   0x00000002   Data   RW         5469    .data               os_var.o
    0x200001ba   0x00000002   PAD
    0x200001bc   0x00000004   Data   RW         5470    .data               os_var.o
    0x200001c0   0x00000002   Data   RW         5471    .data               os_var.o
    0x200001c2   0x00000002   PAD
    0x200001c4   0x00000004   Data   RW         5472    .data               os_var.o
    0x200001c8   0x00000002   Data   RW         5473    .data               os_var.o
    0x200001ca   0x00000001   Data   RW         5474    .data               os_var.o
    0x200001cb   0x00000001   Data   RW         5475    .data               os_var.o
    0x200001cc   0x00000001   Data   RW         5476    .data               os_var.o
    0x200001cd   0x00000003   PAD
    0x200001d0   0x00000004   Data   RW         5477    .data               os_var.o
    0x200001d4   0x00000002   Data   RW         5478    .data               os_var.o
    0x200001d6   0x00000001   Data   RW         5479    .data               os_var.o
    0x200001d7   0x00000001   PAD
    0x200001d8   0x00000004   Data   RW         5480    .data               os_var.o
    0x200001dc   0x00000002   Data   RW         5481    .data               os_var.o
    0x200001de   0x00000001   Data   RW         5482    .data               os_var.o
    0x200001df   0x00000001   PAD
    0x200001e0   0x00000002   Data   RW         5483    .data               os_var.o
    0x200001e2   0x00000002   Data   RW         5484    .data               os_var.o
    0x200001e4   0x00000004   Data   RW         5485    .data               os_var.o
    0x200001e8   0x00000004   Data   RW         5486    .data               os_var.o
    0x200001ec   0x00000004   Data   RW         5487    .data               os_var.o
    0x200001f0   0x00000001   Data   RW         5488    .data               os_var.o
    0x200001f1   0x00000003   PAD
    0x200001f4   0x00000004   Data   RW         5489    .data               os_var.o
    0x200001f8   0x00000004   Data   RW         5490    .data               os_var.o
    0x200001fc   0x00000004   Data   RW         5491    .data               os_var.o
    0x20000200   0x00000002   Data   RW         5492    .data               os_var.o
    0x20000202   0x00000001   Data   RW         5493    .data               os_var.o
    0x20000203   0x00000001   PAD
    0x20000204   0x00000004   Data   RW         5494    .data               os_var.o
    0x20000208   0x00000004   Data   RW         5495    .data               os_var.o
    0x2000020c   0x00000008   Data   RW         5496    .data               os_var.o
    0x20000214   0x00000008   Data   RW         5497    .data               os_var.o
    0x2000021c   0x00000004   Data   RW         5498    .data               os_var.o
    0x20000220   0x00000002   Data   RW         5499    .data               os_var.o
    0x20000222   0x00000002   PAD
    0x20000224   0x00000004   Data   RW         5500    .data               os_var.o
    0x20000228   0x00000004   Data   RW         5502    .data               os_var.o
    0x2000022c   0x00000004   Data   RW         5503    .data               os_var.o
    0x20000230   0x00000004   Data   RW         5504    .data               os_var.o
    0x20000234   0x00000004   Data   RW         5505    .data               os_var.o
    0x20000238   0x00000004   Data   RW         5506    .data               os_var.o
    0x2000023c   0x00000004   Data   RW         5507    .data               os_var.o
    0x20000240   0x00000004   Data   RW         5529    .data               os_cpu_c.o
    0x20000244   0x00000004   Data   RW         5928    .data               mc_w.l(stdout.o)
    0x20000248   0x00002300   Zero   RW            6    .bss                main.o
    0x20002548   0x000000a0   Zero   RW          264    .bss                bsp.o
    0x200025e8   0x00000040   Zero   RW          373    .bss                bsp_debug_usart.o
    0x20002628   0x00000148   Zero   RW          597    .bss                bsp_int.o
    0x20002770   0x00000400   Zero   RW         1097    .bss                stmflash.o
    0x20002b70   0x00000014   Zero   RW         1252    .bss                dwin.o
    0x20002b84   0x00000100   Zero   RW         3357    .bss                mbrtu.o
    0x20002c84   0x00000020   Zero   RW         3493    .bss                mbfuncother.o
    0x20002ca4   0x00000010   Zero   RW         3763    .bss                cpu_core.o
    0x20002cb4   0x00000414   Zero   RW         4082    .bss                lib_mem.o
    0x200030c8   0x00000200   Zero   RW         4386    .bss                os_cfg_app.o
    0x200032c8   0x00000190   Zero   RW         4387    .bss                os_cfg_app.o
    0x20003458   0x00000640   Zero   RW         4388    .bss                os_cfg_app.o
    0x20003a98   0x00000190   Zero   RW         4389    .bss                os_cfg_app.o
    0x20003c28   0x00000200   Zero   RW         4390    .bss                os_cfg_app.o
    0x20003e28   0x00000200   Zero   RW         4391    .bss                os_cfg_app.o
    0x20004028   0x000000c0   Zero   RW         5450    .bss                os_var.o
    0x200040e8   0x0000000c   Zero   RW         5451    .bss                os_var.o
    0x200040f4   0x00000180   Zero   RW         5452    .bss                os_var.o
    0x20004274   0x000000c0   Zero   RW         5453    .bss                os_var.o
    0x20004334   0x000000c0   Zero   RW         5454    .bss                os_var.o
    0x200043f4   0x00000030   Zero   RW         5455    .bss                os_var.o
    0x20004424   0x000000c0   Zero   RW         5456    .bss                os_var.o
    0x200044e4   0x00000004   PAD
    0x200044e8   0x00000400   Zero   RW         3092    STACK               startup_stm32f10x_md.o


==============================================================================

Image component sizes


      Code (inc. data)   RO Data    RW Data    ZI Data      Debug   Object Name

      2654        402         23         12        160      13106   bsp.o
       356         42          0          0          0       3943   bsp_config_usart.o
       452         64          0          2         64       5298   bsp_debug_usart.o
       168         10          0          0          0       1408   bsp_gpio.o
       154         18          0          0        328      27266   bsp_int.o
        12          0          0          0          0        609   bsp_os.o
        52          0          0          0          0        424   cpu_a.o
        60         16          0          0          0       1172   cpu_bsp.o
       422         54          0         28         16      10557   cpu_core.o
      9900       3084          0         92         20      38064   dwin.o
       230         20          0          4       1044      15567   lib_mem.o
        72          0          0          0          0       1917   lib_str.o
       710        196          0          0       8960     307124   main.o
       412         68          0        172          0      20583   mb.o
       750         40          0         16          0       9651   mbascii.o
        44          4        512          0          0       1488   mbcrc.o
       286          0          0          0          0       3886   mbfunccoils.o
       110          0          0          0          0       1720   mbfuncdisc.o
       366          0          0          0          0       5271   mbfuncholding.o
        94          0          0          0          0       1731   mbfuncinput.o
       108         20          0          2         32       2447   mbfuncother.o
       564         44          0         12        256       7751   mbrtu.o
        24          0          0          0          0        712   mbutils.o
       120         16          0          0          0       1703   misc.o
       138         56          0          0          0       4520   os_app_hooks.o
         2          0         81          0       3936      19609   os_cfg_app.o
      2028        310          0          0          0      18366   os_core.o
       228          6          0          0          0        492   os_cpu_a.o
       312         52          0          4          0      25296   os_cpu_c.o
         2          0          0          0          0       1090   os_dbg.o
        24         10          0          0          0       1165   os_flag.o
        24         10          0          0          0       1033   os_mem.o
        98         12          0          0          0       1767   os_msg.o
       854         54          0          0          0       5898   os_mutex.o
       112         16          0          4          0       3178   os_prio.o
        24         10          0          0          0       1097   os_q.o
        24         10          0          0          0       1101   os_sem.o
      1160        200          0          0          0       3975   os_stat.o
      1794        132          0          0          0      11294   os_task.o
       914         94          0          0          0       5987   os_tick.o
       388         40          0          0          0       2781   os_time.o
       536        144          0          0          0       3941   os_tmr.o
         0          0          0        163       1212      18022   os_var.o
        60         14          0          2          0       2500   portevent.o
       352         38          0          0          0       3812   portserial.o
       232         26          0          0          0       2567   porttimer.o
       168         18          0          0          0       1220   pwm.o
        36          8        236          0       1024        972   startup_stm32f10x_md.o
       240         36          0          0          0       6217   stm32f10x_flash.o
       250          6          0          0          0       2734   stm32f10x_gpio.o
       226         48          0          2          0       2585   stm32f10x_it.o
        68         30          0          0          0       2818   stm32f10x_iwdg.o
       192         28          0         20          0       4774   stm32f10x_rcc.o
       404         50          0          0          0       8352   stm32f10x_tim.o
       350          6          0          0          0       7573   stm32f10x_usart.o
       262          6          0          0       1024       2921   stmflash.o
       248         24          0         20          0       2321   system_stm32f10x.o

    ----------------------------------------------------------------------
     29908       5592        896        580      18080     665376   Object Totals
         0          0         32          0          0          0   (incl. Generated)
        38          0         12         25          4          0   (incl. Padding)

    ----------------------------------------------------------------------

      Code (inc. data)   RO Data    RW Data    ZI Data      Debug   Library Member Name

        86          0          0          0          0          0   __dczerorl2.o
         0          0          0          0          0          0   entry.o
         0          0          0          0          0          0   entry10a.o
         0          0          0          0          0          0   entry11a.o
         8          4          0          0          0          0   entry2.o
         4          0          0          0          0          0   entry5.o
         0          0          0          0          0          0   entry7b.o
         0          0          0          0          0          0   entry8b.o
         8          4          0          0          0          0   entry9a.o
        30          0          0          0          0          0   handlers.o
        36          8          0          0          0         68   init.o
        30          0          0          0          0         68   llshl.o
        32          0          0          0          0         68   llushr.o
        64          0          0          0          0         76   memmovea.o
        36          0          0          0          0        108   memseta.o
      1154         54          0          0          0        352   printf8.o
         0          0          0          4          0          0   stdout.o
        14          0          0          0          0         68   strlen.o
        36          0          0          0          0         80   strstr.o
        98          0          0          0          0         92   uldiv.o

    ----------------------------------------------------------------------
      1644         70          0          4          0        980   Library Totals
         8          0          0          0          0          0   (incl. Padding)

    ----------------------------------------------------------------------

      Code (inc. data)   RO Data    RW Data    ZI Data      Debug   Library Name

      1636         70          0          4          0        980   mc_w.l

    ----------------------------------------------------------------------
      1644         70          0          4          0        980   Library Totals

    ----------------------------------------------------------------------

==============================================================================


      Code (inc. data)   RO Data    RW Data    ZI Data      Debug   

     31552       5662        896        584      18080     650104   Grand Totals
     31552       5662        896        132      18080     650104   ELF Image Totals (compressed)
     31552       5662        896        132          0          0   ROM Totals

==============================================================================

    Total RO  Size (Code + RO Data)                32448 (  31.69kB)
    Total RW  Size (RW Data + ZI Data)             18664 (  18.23kB)
    Total ROM Size (Code + RO Data + RW Data)      32580 (  31.82kB)

==============================================================================

