<html>
<body>
<pre>
<h1>礦ision Build Log</h1>
<h2>Tool Versions:</h2>
IDE-Version: μVision V5.21.1.0
Copyright (C) 2016 ARM Ltd and ARM Germany GmbH. All rights reserved.
License Information: 1 1, 11, LIC=Y2BZ9-4Z54T-9YNVW-QGCJY-J7CGS-WURY6
 
Tool Versions:
Toolchain:       MDK-ARM Professional  Version: 5.21a
Toolchain Path:  C:\Keil_v5\ARM\ARMCC\Bin
C Compiler:      Armcc.exe V5.06 update 3 (build 300)
Assembler:       Armasm.exe V5.06 update 3 (build 300)
Linker/Locator:  ArmLink.exe V5.06 update 3 (build 300)
Library Manager: ArmAr.exe V5.06 update 3 (build 300)
Hex Converter:   FromElf.exe V5.06 update 3 (build 300)
CPU DLL:         SARMCM3.DLL V5.21a
Dialog DLL:      DCM.DLL V1.13.8.0
Target DLL:      Segger\JL2CM3.dll V2.99.23.0
Dialog DLL:      TCM.DLL V1.14.14.0
 
<h2>Project:</h2>
H:\东方智达电脑文件\DWIN_F4\定稿版本\泵吸式四方源码\新增系数调整\汇诚转接板\汇承圆板自定义MODBUS\汇承校零版本\DustControl_V3.5 f103c8t6\Project\DustControl.uvprojx
Project File Date:  04/08/2020

<h2>Output:</h2>
*** Using Compiler 'V5.06 update 3 (build 300)', folder: 'C:\Keil_v5\ARM\ARMCC\Bin'
Build target 'DustControl'
compiling bsp_gpio.c...
compiling misc.c...
compiling bsp_config_usart.c...
compiling main.c...
compiling pwm.c...
..\User\PWM\pwm.c(163): warning:  #1-D: last line of file ends without a newline
  /******************* (C) COPYRIGHT 2015-2020 硬石嵌??式开发?哦? *****END OF FILE****/
..\User\PWM\pwm.c: 1 warning, 0 errors
compiling opt.c...
compiling stmflash.c...
compiling bsp_debug_usart.c...
compiling bsp_int.c...
compiling bsp.c...
..\User\bsp\bsp.c(323): warning:  #550-D: variable "FAH" was set but never used
  	uint8_t FAH=0,FAL=0;
..\User\bsp\bsp.c(323): warning:  #550-D: variable "FAL" was set but never used
  	uint8_t FAH=0,FAL=0;
..\User\bsp\bsp.c(788): warning:  #1-D: last line of file ends without a newline
  }
..\User\bsp\bsp.c(351): warning:  #177-D: function "Get_Deashing_Period" was declared but never referenced
  static uint16_t Get_Deashing_Period(void){
..\User\bsp\bsp.c: 4 warnings, 0 errors
compiling DWIN.c...
..\User\DWIN\DWIN.c(226): warning:  #177-D: variable "USART_send_GBK" was declared but never referenced
  	u8	USART_send_GBK[34]={0x5a,0xa5,0x13,0x82,0x13,0x04,
..\User\DWIN\DWIN.c(235): warning:  #177-D: variable "temp_08" was declared but never referenced
  char	temp_08[]={0X5A,0XA5,0X06,0X83,0X17,0X12,0X01,0X00,0X08};     //PM10校准
..\User\DWIN\DWIN.c(237): warning:  #177-D: variable "temp_0F" was declared but never referenced
  char	temp_0F[]={0X5A,0XA5,0X06,0X83,0X18,0XFF,0X01,0X00,0X0A};     //????????
..\User\DWIN\DWIN.c(454): warning:  #9-D: nested comment is not allowed
  				/*
..\User\DWIN\DWIN.c: 4 warnings, 0 errors
assembling startup_stm32f10x_md.s...
compiling stm32f10x_rcc.c...
compiling stm32f10x_gpio.c...
compiling stm32f10x_flash.c...
compiling stm32f10x_iwdg.c...
compiling system_stm32f10x.c...
compiling stm32f10x_usart.c...
compiling stm32f10x_it.c...
compiling portevent.c...
compiling stm32f10x_tim.c...
compiling mbfuncdiag.c...
compiling mbcrc.c...
compiling porttimer.c...
compiling portserial.c...
compiling mbfunccoils.c...
compiling mbfuncdisc.c...
compiling mbrtu.c...
compiling mb.c...
compiling mbfuncinput.c...
compiling mbfuncholding.c...
compiling mbfuncother.c...
assembling cpu_a.asm...
compiling mbutils.c...
compiling cpu_c.c...
compiling lib_ascii.c...
compiling cpu_core.c...
compiling cpu_bsp.c...
compiling lib_mem.c...
compiling mbascii.c...
compiling lib_str.c...
assembling lib_mem_a.asm...
compiling os_app_hooks.c...
compiling bsp_os.c...
compiling os_cfg_app.c...
compiling os_dbg.c...
compiling os_int.c...
compiling os_flag.c...
compiling os_core.c...
compiling os_mem.c...
compiling os_msg.c...
compiling os_pend_multi.c...
compiling os_prio.c...
compiling os_mutex.c...
compiling os_q.c...
compiling os_sem.c...
compiling os_stat.c...
compiling os_time.c...
compiling os_tick.c...
compiling os_task.c...
compiling os_tmr.c...
assembling os_cpu_a.asm...
compiling os_cpu_c.c...
compiling os_var.c...
linking...
Program Size: Code=31476 RO-data=896 RW-data=584 ZI-data=18080  
FromELF: creating hex file...
".\Objects\DustControl.axf" - 0 Error(s), 9 Warning(s).

<h2>Collection of Component include folders:</h2>
  H:\东方智达电脑文件\DWIN_F4\定稿版本\泵吸式四方源码\新增系数调整\汇诚转接板\汇承圆板自定义MODBUS\汇承校零版本\DustControl_V3.5 f103c8t6\Project\RTE
  C:\Keil_v5\ARM\PACK\Keil\STM32F1xx_DFP\1.0.5\Device\Include

<h2>Collection of Component Files used:</h2>
Build Time Elapsed:  00:00:09
</pre>
</body>
</html>
